Archive member included to satisfy reference by file (symbol)

c:/program files (x86)/gnu arm embedded toolchain/10 2021.10/bin/../lib/gcc/arm-none-eabi/10.3.1/../../../../arm-none-eabi/lib/thumb/v7-m/nofp\libc_nano.a(lib_a-errno.o)
                              build/sysmem.o (__errno)
c:/program files (x86)/gnu arm embedded toolchain/10 2021.10/bin/../lib/gcc/arm-none-eabi/10.3.1/../../../../arm-none-eabi/lib/thumb/v7-m/nofp\libc_nano.a(lib_a-exit.o)
                              c:/program files (x86)/gnu arm embedded toolchain/10 2021.10/bin/../lib/gcc/arm-none-eabi/10.3.1/../../../../arm-none-eabi/lib/thumb/v7-m/nofp/crt0.o (exit)
c:/program files (x86)/gnu arm embedded toolchain/10 2021.10/bin/../lib/gcc/arm-none-eabi/10.3.1/../../../../arm-none-eabi/lib/thumb/v7-m/nofp\libc_nano.a(lib_a-impure.o)
                              c:/program files (x86)/gnu arm embedded toolchain/10 2021.10/bin/../lib/gcc/arm-none-eabi/10.3.1/../../../../arm-none-eabi/lib/thumb/v7-m/nofp\libc_nano.a(lib_a-exit.o) (_global_impure_ptr)
c:/program files (x86)/gnu arm embedded toolchain/10 2021.10/bin/../lib/gcc/arm-none-eabi/10.3.1/../../../../arm-none-eabi/lib/thumb/v7-m/nofp\libc_nano.a(lib_a-init.o)
                              c:/program files (x86)/gnu arm embedded toolchain/10 2021.10/bin/../lib/gcc/arm-none-eabi/10.3.1/../../../../arm-none-eabi/lib/thumb/v7-m/nofp/crt0.o (__libc_init_array)
c:/program files (x86)/gnu arm embedded toolchain/10 2021.10/bin/../lib/gcc/arm-none-eabi/10.3.1/../../../../arm-none-eabi/lib/thumb/v7-m/nofp\libc_nano.a(lib_a-memset.o)
                              c:/program files (x86)/gnu arm embedded toolchain/10 2021.10/bin/../lib/gcc/arm-none-eabi/10.3.1/../../../../arm-none-eabi/lib/thumb/v7-m/nofp/crt0.o (memset)

Discarded input sections

 .text          0x00000000        0x0 c:/program files (x86)/gnu arm embedded toolchain/10 2021.10/bin/../lib/gcc/arm-none-eabi/10.3.1/thumb/v7-m/nofp/crti.o
 .data          0x00000000        0x0 c:/program files (x86)/gnu arm embedded toolchain/10 2021.10/bin/../lib/gcc/arm-none-eabi/10.3.1/thumb/v7-m/nofp/crti.o
 .bss           0x00000000        0x0 c:/program files (x86)/gnu arm embedded toolchain/10 2021.10/bin/../lib/gcc/arm-none-eabi/10.3.1/thumb/v7-m/nofp/crti.o
 .data          0x00000000        0x4 c:/program files (x86)/gnu arm embedded toolchain/10 2021.10/bin/../lib/gcc/arm-none-eabi/10.3.1/thumb/v7-m/nofp/crtbegin.o
 .rodata        0x00000000       0x24 c:/program files (x86)/gnu arm embedded toolchain/10 2021.10/bin/../lib/gcc/arm-none-eabi/10.3.1/thumb/v7-m/nofp/crtbegin.o
 .text          0x00000000       0x7c c:/program files (x86)/gnu arm embedded toolchain/10 2021.10/bin/../lib/gcc/arm-none-eabi/10.3.1/../../../../arm-none-eabi/lib/thumb/v7-m/nofp/crt0.o
 .data          0x00000000        0x0 c:/program files (x86)/gnu arm embedded toolchain/10 2021.10/bin/../lib/gcc/arm-none-eabi/10.3.1/../../../../arm-none-eabi/lib/thumb/v7-m/nofp/crt0.o
 .bss           0x00000000        0x0 c:/program files (x86)/gnu arm embedded toolchain/10 2021.10/bin/../lib/gcc/arm-none-eabi/10.3.1/../../../../arm-none-eabi/lib/thumb/v7-m/nofp/crt0.o
 .ARM.extab     0x00000000        0x0 c:/program files (x86)/gnu arm embedded toolchain/10 2021.10/bin/../lib/gcc/arm-none-eabi/10.3.1/../../../../arm-none-eabi/lib/thumb/v7-m/nofp/crt0.o
 .ARM.exidx     0x00000000       0x10 c:/program files (x86)/gnu arm embedded toolchain/10 2021.10/bin/../lib/gcc/arm-none-eabi/10.3.1/../../../../arm-none-eabi/lib/thumb/v7-m/nofp/crt0.o
 .ARM.attributes
                0x00000000       0x1b c:/program files (x86)/gnu arm embedded toolchain/10 2021.10/bin/../lib/gcc/arm-none-eabi/10.3.1/../../../../arm-none-eabi/lib/thumb/v7-m/nofp/crt0.o
 .text          0x00000000        0x0 build/main.o
 .data          0x00000000        0x0 build/main.o
 .bss           0x00000000        0x0 build/main.o
 .text          0x00000000        0x0 build/gpio.o
 .data          0x00000000        0x0 build/gpio.o
 .bss           0x00000000        0x0 build/gpio.o
 .text          0x00000000        0x0 build/stm32f1xx_it.o
 .data          0x00000000        0x0 build/stm32f1xx_it.o
 .bss           0x00000000        0x0 build/stm32f1xx_it.o
 .text          0x00000000        0x0 build/stm32f1xx_hal_msp.o
 .data          0x00000000        0x0 build/stm32f1xx_hal_msp.o
 .bss           0x00000000        0x0 build/stm32f1xx_hal_msp.o
 .text          0x00000000        0x0 build/can.o
 .data          0x00000000        0x0 build/can.o
 .bss           0x00000000        0x0 build/can.o
 .text.HAL_CAN_MspDeInit
                0x00000000       0x3c build/can.o
 .text.CAN_Config
                0x00000000       0x40 build/can.o
 .text.CAN_Transmit
                0x00000000       0x1c build/can.o
 .text          0x00000000        0x0 build/canif.o
 .data          0x00000000        0x0 build/canif.o
 .bss           0x00000000        0x0 build/canif.o
 .text          0x00000000        0x0 build/sysmem.o
[...]
Memory Configuration

Name             Origin             Length             Attributes
RAM              0x20000000         0x00002800         xrw
FLASH            0x08000000         0x00008000         xr
*default*        0x00000000         0xffffffff

Linker script and memory map

LOAD c:/program files (x86)/gnu arm embedded toolchain/10 2021.10/bin/../lib/gcc/arm-none-eabi/10.3.1/thumb/v7-m/nofp/crti.o
LOAD c:/program files (x86)/gnu arm embedded toolchain/10 2021.10/bin/../lib/gcc/arm-none-eabi/10.3.1/thumb/v7-m/nofp/crtbegin.o
LOAD c:/program files (x86)/gnu arm embedded toolchain/10 2021.10/bin/../lib/gcc/arm-none-eabi/10.3.1/../../../../arm-none-eabi/lib/thumb/v7-m/nofp/crt0.o
LOAD build/main.o
LOAD build/gpio.o
LOAD build/stm32f1xx_it.o
LOAD build/stm32f1xx_hal_msp.o
LOAD build/can.o
LOAD build/canif.o
LOAD build/sysmem.o
LOAD build/syscalls.o
LOAD build/stm32f1xx_hal_gpio_ex.o
LOAD build/stm32f1xx_hal_can.o
LOAD build/stm32f1xx_hal.o
LOAD build/stm32f1xx_hal_rcc.o
LOAD build/stm32f1xx_hal_rcc_ex.o
LOAD build/stm32f1xx_hal_gpio.o
LOAD build/stm32f1xx_hal_dma.o
LOAD build/stm32f1xx_hal_cortex.o
LOAD build/stm32f1xx_hal_pwr.o
LOAD build/stm32f1xx_hal_flash.o
LOAD build/stm32f1xx_hal_flash_ex.o
LOAD build/stm32f1xx_hal_exti.o
LOAD build/stm32f1xx_hal_tim.o
LOAD build/stm32f1xx_hal_tim_ex.o
LOAD build/system_stm32f1xx.o
LOAD build/startup_stm32f103x6.o
LOAD c:/program files (x86)/gnu arm embedded toolchain/10 2021.10/bin/../lib/gcc/arm-none-eabi/10.3.1/../../../../arm-none-eabi/lib/thumb/v7-m/nofp\libc_nano.a
LOAD c:/program files (x86)/gnu arm embedded toolchain/10 2021.10/bin/../lib/gcc/arm-none-eabi/10.3.1/../../../../arm-none-eabi/lib/thumb/v7-m/nofp\libm.a
LOAD c:/program files (x86)/gnu arm embedded toolchain/10 2021.10/bin/../lib/gcc/arm-none-eabi/10.3.1/../../../../arm-none-eabi/lib/thumb/v7-m/nofp\libnosys.a
START GROUP
LOAD c:/program files (x86)/gnu arm embedded toolchain/10 2021.10/bin/../lib/gcc/arm-none-eabi/10.3.1/thumb/v7-m/nofp\libgcc.a
LOAD c:/program files (x86)/gnu arm embedded toolchain/10 2021.10/bin/../lib/gcc/arm-none-eabi/10.3.1/../../../../arm-none-eabi/lib/thumb/v7-m/nofp\libc_nano.a
END GROUP
START GROUP
LOAD c:/program files (x86)/gnu arm embedded toolchain/10 2021.10/bin/../lib/gcc/arm-none-eabi/10.3.1/thumb/v7-m/nofp\libgcc.a
LOAD c:/program files (x86)/gnu arm embedded toolchain/10 2021.10/bin/../lib/gcc/arm-none-eabi/10.3.1/../../../../arm-none-eabi/lib/thumb/v7-m/nofp\libc_nano.a
END GROUP
LOAD c:/program files (x86)/gnu arm embedded toolchain/10 2021.10/bin/../lib/gcc/arm-none-eabi/10.3.1/thumb/v7-m/nofp/crtend.o
LOAD c:/program files (x86)/gnu arm embedded toolchain/10 2021.10/bin/../lib/gcc/arm-none-eabi/10.3.1/thumb/v7-m/nofp/crtn.o
                0x20002800                _estack = (ORIGIN (RAM) + LENGTH (RAM))
                0x00000200                _Min_Heap_Size = 0x200
                0x00000400                _Min_Stack_Size = 0x400

.isr_vector     0x08000000      0x10c
                0x08000000                . = ALIGN (0x4)
 *(.isr_vector)
 .isr_vector    0x08000000      0x10c build/startup_stm32f103x6.o
                0x08000000                g_pfnVectors
                0x0800010c                . = ALIGN (0x4)

.text           0x0800010c     0x1638
                0x0800010c                . = ALIGN (0x4)
 *(.text)
 .text          0x0800010c       0x40 c:/program files (x86)/gnu arm embedded toolchain/10 2021.10/bin/../lib/gcc/arm-none-eabi/10.3.1/thumb/v7-m/nofp/crtbegin.o
 *(.text*)
 .text.SystemClock_Config
                0x0800014c       0x54 build/main.o
                0x0800014c                SystemClock_Config
 .text.main     0x080001a0       0x5c build/main.o
                0x080001a0                main
 .text.Error_Handler
                0x080001fc        0x2 build/main.o
                0x080001fc                Error_Handler
 *fill*         0x080001fe        0x2 
 .text.MX_GPIO_Init
                0x08000200       0x78 build/gpio.o
                0x08000200                MX_GPIO_Init
 .text.NMI_Handler
                0x08000278        0x2 build/stm32f1xx_it.o
                0x08000278                NMI_Handler
 .text.HardFault_Handler
                0x0800027a        0x2 build/stm32f1xx_it.o
                0x0800027a                HardFault_Handler
 .text.MemManage_Handler
                0x0800027c        0x2 build/stm32f1xx_it.o
                0x0800027c                MemManage_Handler
 .text.BusFault_Handler
                0x0800027e        0x2 build/stm32f1xx_it.o
                0x0800027e                BusFault_Handler
 .text.UsageFault_Handler
                0x08000280        0x2 build/stm32f1xx_it.o
                0x08000280                UsageFault_Handler
 .text.SVC_Handler
                0x08000282        0x2 build/stm32f1xx_it.o
                0x08000282                SVC_Handler
 .text.DebugMon_Handler
                0x08000284        0x2 build/stm32f1xx_it.o
                0x08000284                DebugMon_Handler
 .text.PendSV_Handler
                0x08000286        0x2 build/stm32f1xx_it.o
                0x08000286                PendSV_Handler
 .text.SysTick_Handler
                0x08000288        0x8 build/stm32f1xx_it.o
                0x08000288                SysTick_Handler
 .text.USB_LP_CAN1_RX0_IRQHandler
                0x08000290       0x10 build/stm32f1xx_it.o
                0x08000290                USB_LP_CAN1_RX0_IRQHandler
 .text.CAN1_RX1_IRQHandler
                0x080002a0       0x10 build/stm32f1xx_it.o
                0x080002a0                CAN1_RX1_IRQHandler
 .text.HAL_MspInit
                0x080002b0       0x44 build/stm32f1xx_hal_msp.o
                0x080002b0                HAL_MspInit
 .text.MX_CAN_Init
                0x080002f4       0x40 build/can.o
                0x080002f4                MX_CAN_Init
 .text.HAL_CAN_MspInit
                0x08000334       0x94 build/can.o
                0x08000334                HAL_CAN_MspInit
 .text.CAN_Filter_Config
                0x080003c8       0x38 build/can.o
                0x080003c8                CAN_Filter_Config
 .text.CAN_Init
                0x08000400       0x20 build/can.o
                0x08000400                CAN_Init
 .text.HAL_CAN_RxFifo0MsgPendingCallback
                0x08000420       0x40 build/can.o
                0x08000420                HAL_CAN_RxFifo0MsgPendingCallback
 .text.CAN_SetTxPacket
                0x08000460       0x28 build/can.o
                0x08000460                CAN_SetTxPacket
 .text.CanIf_Transmit
                0x08000488       0x50 build/canif.o
                0x08000488                CanIf_Transmit
 .text.HAL_CAN_Init
                0x080004d8      0x14c build/stm32f1xx_hal_can.o
                0x080004d8                HAL_CAN_Init
 .text.HAL_CAN_ConfigFilter
                0x08000624      0x10c build/stm32f1xx_hal_can.o
                0x08000624                HAL_CAN_ConfigFilter
 .text.HAL_CAN_Start
                0x08000730       0x5c build/stm32f1xx_hal_can.o
                0x08000730                HAL_CAN_Start
 .text.HAL_CAN_AddTxMessage
                0x0800078c       0xfc build/stm32f1xx_hal_can.o
                0x0800078c                HAL_CAN_AddTxMessage
 .text.HAL_CAN_GetTxMailboxesFreeLevel
                0x08000888       0x32 build/stm32f1xx_hal_can.o
                0x08000888                HAL_CAN_GetTxMailboxesFreeLevel
 .text.HAL_CAN_GetRxMessage
                0x080008ba      0x156 build/stm32f1xx_hal_can.o
                0x080008ba                HAL_CAN_GetRxMessage
 .text.HAL_CAN_ActivateNotification
                0x08000a10       0x24 build/stm32f1xx_hal_can.o
                0x08000a10                HAL_CAN_ActivateNotification
 .text.HAL_CAN_TxMailbox0CompleteCallback
                0x08000a34        0x2 build/stm32f1xx_hal_can.o
                0x08000a34                HAL_CAN_TxMailbox0CompleteCallback
 .text.HAL_CAN_TxMailbox1CompleteCallback
                0x08000a36        0x2 build/stm32f1xx_hal_can.o
                0x08000a36                HAL_CAN_TxMailbox1CompleteCallback
 .text.HAL_CAN_TxMailbox2CompleteCallback
                0x08000a38        0x2 build/stm32f1xx_hal_can.o
                0x08000a38                HAL_CAN_TxMailbox2CompleteCallback
 .text.HAL_CAN_TxMailbox0AbortCallback
                0x08000a3a        0x2 build/stm32f1xx_hal_can.o
                0x08000a3a                HAL_CAN_TxMailbox0AbortCallback
 .text.HAL_CAN_TxMailbox1AbortCallback
                0x08000a3c        0x2 build/stm32f1xx_hal_can.o
                0x08000a3c                HAL_CAN_TxMailbox1AbortCallback
 .text.HAL_CAN_TxMailbox2AbortCallback
                0x08000a3e        0x2 build/stm32f1xx_hal_can.o
                0x08000a3e                HAL_CAN_TxMailbox2AbortCallback
 .text.HAL_CAN_RxFifo0FullCallback
                0x08000a40        0x2 build/stm32f1xx_hal_can.o
                0x08000a40                HAL_CAN_RxFifo0FullCallback
 .text.HAL_CAN_RxFifo1MsgPendingCallback
                0x08000a42        0x2 build/stm32f1xx_hal_can.o
                0x08000a42                HAL_CAN_RxFifo1MsgPendingCallback
 .text.HAL_CAN_RxFifo1FullCallback
                0x08000a44        0x2 build/stm32f1xx_hal_can.o
                0x08000a44                HAL_CAN_RxFifo1FullCallback
 .text.HAL_CAN_SleepCallback
                0x08000a46        0x2 build/stm32f1xx_hal_can.o
                0x08000a46                HAL_CAN_SleepCallback
 .text.HAL_CAN_WakeUpFromRxMsgCallback
                0x08000a48        0x2 build/stm32f1xx_hal_can.o
                0x08000a48                HAL_CAN_WakeUpFromRxMsgCallback
 .text.HAL_CAN_ErrorCallback
                0x08000a4a        0x2 build/stm32f1xx_hal_can.o
                0x08000a4a                HAL_CAN_ErrorCallback
 .text.HAL_CAN_IRQHandler
                0x08000a4c      0x24a build/stm32f1xx_hal_can.o
                0x08000a4c                HAL_CAN_IRQHandler
 *fill*         0x08000c96        0x2 
 .text.HAL_InitTick
                0x08000c98       0x4c build/stm32f1xx_hal.o
                0x08000c98                HAL_InitTick
 .text.HAL_Init
                0x08000ce4       0x24 build/stm32f1xx_hal.o
                0x08000ce4                HAL_Init
 .text.HAL_IncTick
                0x08000d08       0x18 build/stm32f1xx_hal.o
                0x08000d08                HAL_IncTick
 .text.HAL_GetTick
                0x08000d20        0xc build/stm32f1xx_hal.o
                0x08000d20                HAL_GetTick
 .text.HAL_Delay
                0x08000d2c       0x28 build/stm32f1xx_hal.o
                0x08000d2c                HAL_Delay
 .text.RCC_Delay
                0x08000d54       0x2c build/stm32f1xx_hal_rcc.o
 .text.HAL_RCC_OscConfig
                0x08000d80      0x410 build/stm32f1xx_hal_rcc.o
                0x08000d80                HAL_RCC_OscConfig
 .text.HAL_RCC_GetSysClockFreq
                0x08001190       0x70 build/stm32f1xx_hal_rcc.o
                0x08001190                HAL_RCC_GetSysClockFreq
 .text.HAL_RCC_ClockConfig
                0x08001200      0x16c build/stm32f1xx_hal_rcc.o
                0x08001200                HAL_RCC_ClockConfig
 .text.HAL_GPIO_Init
                0x0800136c      0x220 build/stm32f1xx_hal_gpio.o
                0x0800136c                HAL_GPIO_Init
 .text.HAL_GPIO_WritePin
                0x0800158c        0xc build/stm32f1xx_hal_gpio.o
                0x0800158c                HAL_GPIO_WritePin
 .text.HAL_GPIO_TogglePin
                0x08001598       0x12 build/stm32f1xx_hal_gpio.o
                0x08001598                HAL_GPIO_TogglePin
 *fill*         0x080015aa        0x2 
 .text.HAL_NVIC_SetPriorityGrouping
                0x080015ac       0x24 build/stm32f1xx_hal_cortex.o
                0x080015ac                HAL_NVIC_SetPriorityGrouping
 .text.HAL_NVIC_SetPriority
                0x080015d0       0x70 build/stm32f1xx_hal_cortex.o
                0x080015d0                HAL_NVIC_SetPriority
 .text.HAL_NVIC_EnableIRQ
                0x08001640       0x1c build/stm32f1xx_hal_cortex.o
                0x08001640                HAL_NVIC_EnableIRQ
 .text.HAL_SYSTICK_Config
                0x0800165c       0x28 build/stm32f1xx_hal_cortex.o
                0x0800165c                HAL_SYSTICK_Config
 .text.SystemInit
                0x08001684        0x2 build/system_stm32f1xx.o
                0x08001684                SystemInit
 *fill*         0x08001686        0x2 
 .text.Reset_Handler
                0x08001688       0x48 build/startup_stm32f103x6.o
                0x08001688                Reset_Handler
 .text.Default_Handler
                0x080016d0        0x2 build/startup_stm32f103x6.o
                0x080016d0                RTC_Alarm_IRQHandler
                0x080016d0                EXTI2_IRQHandler
                0x080016d0                TIM1_CC_IRQHandler
                0x080016d0                PVD_IRQHandler
                0x080016d0                EXTI3_IRQHandler
                0x080016d0                EXTI0_IRQHandler
                0x080016d0                ADC1_2_IRQHandler
                0x080016d0                SPI1_IRQHandler
                0x080016d0                TAMPER_IRQHandler
                0x080016d0                DMA1_Channel4_IRQHandler
                0x080016d0                RTC_IRQHandler
                0x080016d0                DMA1_Channel7_IRQHandler
                0x080016d0                I2C1_EV_IRQHandler
                0x080016d0                DMA1_Channel6_IRQHandler
                0x080016d0                TIM3_IRQHandler
                0x080016d0                RCC_IRQHandler
                0x080016d0                TIM1_TRG_COM_IRQHandler
                0x080016d0                DMA1_Channel1_IRQHandler
                0x080016d0                Default_Handler
                0x080016d0                EXTI15_10_IRQHandler
                0x080016d0                EXTI9_5_IRQHandler
                0x080016d0                DMA1_Channel5_IRQHandler
                0x080016d0                EXTI4_IRQHandler
                0x080016d0                USB_HP_CAN1_TX_IRQHandler
                0x080016d0                DMA1_Channel3_IRQHandler
                0x080016d0                TIM1_UP_IRQHandler
                0x080016d0                WWDG_IRQHandler
                0x080016d0                TIM2_IRQHandler
                0x080016d0                TIM1_BRK_IRQHandler
                0x080016d0                EXTI1_IRQHandler
                0x080016d0                USART2_IRQHandler
                0x080016d0                DMA1_Channel2_IRQHandler
                0x080016d0                CAN1_SCE_IRQHandler
                0x080016d0                FLASH_IRQHandler
                0x080016d0                USART1_IRQHandler
                0x080016d0                I2C1_ER_IRQHandler
                0x080016d0                USBWakeUp_IRQHandler
 *fill*         0x080016d2        0x2 
 .text.__libc_init_array
                0x080016d4       0x48 c:/program files (x86)/gnu arm embedded toolchain/10 2021.10/bin/../lib/gcc/arm-none-eabi/10.3.1/../../../../arm-none-eabi/lib/thumb/v7-m/nofp\libc_nano.a(lib_a-init.o)
                0x080016d4                __libc_init_array
 .text.memset   0x0800171c       0x10 c:/program files (x86)/gnu arm embedded toolchain/10 2021.10/bin/../lib/gcc/arm-none-eabi/10.3.1/../../../../arm-none-eabi/lib/thumb/v7-m/nofp\libc_nano.a(lib_a-memset.o)
                0x0800171c                memset
 *(.glue_7)
 .glue_7        0x0800172c        0x0 linker stubs
 *(.glue_7t)
 .glue_7t       0x0800172c        0x0 linker stubs
 *(.eh_frame)
 .eh_frame      0x0800172c        0x0 c:/program files (x86)/gnu arm embedded toolchain/10 2021.10/bin/../lib/gcc/arm-none-eabi/10.3.1/thumb/v7-m/nofp/crtbegin.o
 *(.init)
 .init          0x0800172c        0x4 c:/program files (x86)/gnu arm embedded toolchain/10 2021.10/bin/../lib/gcc/arm-none-eabi/10.3.1/thumb/v7-m/nofp/crti.o
                0x0800172c                _init
 .init          0x08001730        0x8 c:/program files (x86)/gnu arm embedded toolchain/10 2021.10/bin/../lib/gcc/arm-none-eabi/10.3.1/thumb/v7-m/nofp/crtn.o
 *(.fini)
 .fini          0x08001738        0x4 c:/program files (x86)/gnu arm embedded toolchain/10 2021.10/bin/../lib/gcc/arm-none-eabi/10.3.1/thumb/v7-m/nofp/crti.o
                0x08001738                _fini
 .fini          0x0800173c        0x8 c:/program files (x86)/gnu arm embedded toolchain/10 2021.10/bin/../lib/gcc/arm-none-eabi/10.3.1/thumb/v7-m/nofp/crtn.o
                0x08001744                . = ALIGN (0x4)
                0x08001744                _etext = .

.vfp11_veneer   0x08001744        0x0
 .vfp11_veneer  0x08001744        0x0 linker stubs

.v4_bx          0x08001744        0x0
 .v4_bx         0x08001744        0x0 linker stubs

.iplt           0x08001744        0x0
 .iplt          0x08001744        0x0 c:/program files (x86)/gnu arm embedded toolchain/10 2021.10/bin/../lib/gcc/arm-none-eabi/10.3.1/thumb/v7-m/nofp/crtbegin.o

.rodata         0x08001744       0x74
                0x08001744                . = ALIGN (0x4)
 *(.rodata)
 *(.rodata*)
 .rodata.TxPduIdToStdIdTable
                0x08001744       0x50 build/canif.o
                0x08001744                TxPduIdToStdIdTable
 .rodata.HAL_RCC_GetSysClockFreq.str1.4
                0x08001794       0x11 build/stm32f1xx_hal_rcc.o
 *fill*         0x080017a5        0x3 
 .rodata.AHBPrescTable
                0x080017a8       0x10 build/system_stm32f1xx.o
                0x080017a8                AHBPrescTable
                0x080017b8                . = ALIGN (0x4)

.rel.dyn        0x080017b8        0x0
 .rel.iplt      0x080017b8        0x0 c:/program files (x86)/gnu arm embedded toolchain/10 2021.10/bin/../lib/gcc/arm-none-eabi/10.3.1/thumb/v7-m/nofp/crtbegin.o

.ARM.extab
 *(.ARM.extab* .gnu.linkonce.armextab.*)

.ARM            0x080017b8        0x0
                0x080017b8                __exidx_start = .
 *(.ARM.exidx*)
                0x080017b8                __exidx_end = .

.preinit_array  0x080017b8        0x0
                0x080017b8                PROVIDE (__preinit_array_start = .)
 *(.preinit_array*)
                0x080017b8                PROVIDE (__preinit_array_end = .)

.init_array     0x080017b8        0x4
                0x080017b8                PROVIDE (__init_array_start = .)
 *(SORT_BY_NAME(.init_array.*))
 *(.init_array*)
 .init_array    0x080017b8        0x4 c:/program files (x86)/gnu arm embedded toolchain/10 2021.10/bin/../lib/gcc/arm-none-eabi/10.3.1/thumb/v7-m/nofp/crtbegin.o
                0x080017bc                PROVIDE (__init_array_end = .)

.fini_array     0x080017bc        0x4
                [!provide]                PROVIDE (__fini_array_start = .)
 *(SORT_BY_NAME(.fini_array.*))
 *(.fini_array*)
 .fini_array    0x080017bc        0x4 c:/program files (x86)/gnu arm embedded toolchain/10 2021.10/bin/../lib/gcc/arm-none-eabi/10.3.1/thumb/v7-m/nofp/crtbegin.o
                [!provide]                PROVIDE (__fini_array_end = .)
                0x080017c0                _sidata = LOADADDR (.data)

.data           0x20000000        0xc load address 0x080017c0
                0x20000000                . = ALIGN (0x4)
                0x20000000                _sdata = .
 *(.data)
 *(.data*)
 .data.uwTickFreq
                0x20000000        0x1 build/stm32f1xx_hal.o
                0x20000000                uwTickFreq
 *fill*         0x20000001        0x3 
 .data.uwTickPrio
                0x20000004        0x4 build/stm32f1xx_hal.o
                0x20000004                uwTickPrio
 .data.SystemCoreClock
                0x20000008        0x4 build/system_stm32f1xx.o
                0x20000008                SystemCoreClock
                0x2000000c                . = ALIGN (0x4)
                0x2000000c                _edata = .

.igot.plt       0x2000000c        0x0 load address 0x080017cc
 .igot.plt      0x2000000c        0x0 c:/program files (x86)/gnu arm embedded toolchain/10 2021.10/bin/../lib/gcc/arm-none-eabi/10.3.1/thumb/v7-m/nofp/crtbegin.o
                0x2000000c                . = ALIGN (0x4)

.bss            0x2000000c       0x90 load address 0x080017cc
                0x2000000c                _sbss = .
                0x2000000c                __bss_start__ = _sbss
 *(.bss)
 .bss           0x2000000c       0x1c c:/program files (x86)/gnu arm embedded toolchain/10 2021.10/bin/../lib/gcc/arm-none-eabi/10.3.1/thumb/v7-m/nofp/crtbegin.o
 *(.bss*)
 .bss.g_CanTxPacket
                0x20000028       0x24 build/can.o
                0x20000028                g_CanTxPacket
 .bss.hcan      0x2000004c       0x28 build/can.o
                0x2000004c                hcan
 .bss.packet.0  0x20000074       0x24 build/can.o
 .bss.uwTick    0x20000098        0x4 build/stm32f1xx_hal.o
                0x20000098                uwTick
 *(COMMON)
                0x2000009c                . = ALIGN (0x4)
                0x2000009c                _ebss = .
                0x2000009c                __bss_end__ = _ebss

._user_heap_stack
                0x2000009c      0x604 load address 0x080017cc
                0x200000a0                . = ALIGN (0x8)
 *fill*         0x2000009c        0x4 
                [!provide]                PROVIDE (end = .)
                0x200000a0                PROVIDE (_end = .)
                0x200002a0                . = (. + _Min_Heap_Size)
 *fill*         0x200000a0      0x200 
                0x200006a0                . = (. + _Min_Stack_Size)
 *fill*         0x200002a0      0x400 
                0x200006a0                . = ALIGN (0x8)

/DISCARD/
 libc.a(*)
 libm.a(*)
 libgcc.a(*)

.ARM.attributes
                0x00000000       0x29
 *(.ARM.attributes)
 .ARM.attributes
                0x00000000       0x1d c:/program files (x86)/gnu arm embedded toolchain/10 2021.10/bin/../lib/gcc/arm-none-eabi/10.3.1/thumb/v7-m/nofp/crti.o
 .ARM.attributes
                0x0000001d       0x2d c:/program files (x86)/gnu arm embedded toolchain/10 2021.10/bin/../lib/gcc/arm-none-eabi/10.3.1/thumb/v7-m/nofp/crtbegin.o
 .ARM.attributes
                0x0000004a       0x2d build/main.o
 .ARM.attributes
                0x00000077       0x2d build/gpio.o
 .ARM.attributes
                0x000000a4       0x2d build/stm32f1xx_it.o
 .ARM.attributes
                0x000000d1       0x2d build/stm32f1xx_hal_msp.o
 .ARM.attributes
                0x000000fe       0x2d build/can.o
 .ARM.attributes
                0x0000012b       0x2d build/canif.o
 .ARM.attributes
                0x00000158       0x2d build/stm32f1xx_hal_can.o
 .ARM.attributes
                0x00000185       0x2d build/stm32f1xx_hal.o
 .ARM.attributes
                0x000001b2       0x2d build/stm32f1xx_hal_rcc.o
 .ARM.attributes
                0x000001df       0x2d build/stm32f1xx_hal_gpio.o
 .ARM.attributes
                0x0000020c       0x2d build/stm32f1xx_hal_cortex.o
 .ARM.attributes
                0x00000239       0x2d build/system_stm32f1xx.o
 .ARM.attributes
                0x00000266       0x21 build/startup_stm32f103x6.o
 .ARM.attributes
                0x00000287       0x2d c:/program files (x86)/gnu arm embedded toolchain/10 2021.10/bin/../lib/gcc/arm-none-eabi/10.3.1/../../../../arm-none-eabi/lib/thumb/v7-m/nofp\libc_nano.a(lib_a-init.o)
 .ARM.attributes
                0x000002b4       0x2d c:/program files (x86)/gnu arm embedded toolchain/10 2021.10/bin/../lib/gcc/arm-none-eabi/10.3.1/../../../../arm-none-eabi/lib/thumb/v7-m/nofp\libc_nano.a(lib_a-memset.o)
 .ARM.attributes
                0x000002e1       0x1d c:/program files (x86)/gnu arm embedded toolchain/10 2021.10/bin/../lib/gcc/arm-none-eabi/10.3.1/thumb/v7-m/nofp/crtn.o
OUTPUT(build/CAN.elf elf32-littlearm)
LOAD linker stubs
LOAD c:/program files (x86)/gnu arm embedded toolchain/10 2021.10/bin/../lib/gcc/arm-none-eabi/10.3.1/../../../../arm-none-eabi/lib/thumb/v7-m/nofp\libc.a
LOAD c:/program files (x86)/gnu arm embedded toolchain/10 2021.10/bin/../lib/gcc/arm-none-eabi/10.3.1/../../../../arm-none-eabi/lib/thumb/v7-m/nofp\libm.a
LOAD c:/program files (x86)/gnu arm embedded toolchain/10 2021.10/bin/../lib/gcc/arm-none-eabi/10.3.1/thumb/v7-m/nofp\libgcc.a

.debug_info     0x00000000     0x64e8
 .debug_info    0x00000000      0x50c build/main.o
 .debug_info    0x0000050c      0x32c build/gpio.o
 .debug_info    0x00000838      0x608 build/stm32f1xx_it.o
 .debug_info    0x00000e40      0x238 build/stm32f1xx_hal_msp.o
 .debug_info    0x00001078      0xf98 build/can.o
 .debug_info    0x00002010      0x6ba build/canif.o
 .debug_info    0x000026ca     0x1385 build/stm32f1xx_hal_can.o
 .debug_info    0x00003a4f      0x837 build/stm32f1xx_hal.o
 .debug_info    0x00004286      0xaec build/stm32f1xx_hal_rcc.o
 .debug_info    0x00004d72      0x6d7 build/stm32f1xx_hal_gpio.o
 .debug_info    0x00005449      0xe0f build/stm32f1xx_hal_cortex.o
 .debug_info    0x00006258      0x26e build/system_stm32f1xx.o
 .debug_info    0x000064c6       0x22 build/startup_stm32f103x6.o

.debug_abbrev   0x00000000     0x1720
 .debug_abbrev  0x00000000      0x1c6 build/main.o
 .debug_abbrev  0x000001c6      0x13f build/gpio.o
 .debug_abbrev  0x00000305      0x141 build/stm32f1xx_it.o
 .debug_abbrev  0x00000446       0xe7 build/stm32f1xx_hal_msp.o
 .debug_abbrev  0x0000052d      0x2a2 build/can.o
 .debug_abbrev  0x000007cf      0x193 build/canif.o
 .debug_abbrev  0x00000962      0x260 build/stm32f1xx_hal_can.o
 .debug_abbrev  0x00000bc2      0x1f7 build/stm32f1xx_hal.o
 .debug_abbrev  0x00000db9      0x29a build/stm32f1xx_hal_rcc.o
 .debug_abbrev  0x00001053      0x222 build/stm32f1xx_hal_gpio.o
 .debug_abbrev  0x00001275      0x359 build/stm32f1xx_hal_cortex.o
 .debug_abbrev  0x000015ce      0x140 build/system_stm32f1xx.o
 .debug_abbrev  0x0000170e       0x12 build/startup_stm32f103x6.o

.debug_loc      0x00000000     0x2b67
 .debug_loc     0x00000000       0xab build/main.o
 .debug_loc     0x000000ab       0x38 build/gpio.o
 .debug_loc     0x000000e3       0x60 build/stm32f1xx_it.o
 .debug_loc     0x00000143       0x41 build/stm32f1xx_hal_msp.o
 .debug_loc     0x00000184      0x285 build/can.o
 .debug_loc     0x00000409       0xe2 build/canif.o
 .debug_loc     0x000004eb      0xf1e build/stm32f1xx_hal_can.o
 .debug_loc     0x00001409      0x1e1 build/stm32f1xx_hal.o
 .debug_loc     0x000015ea      0x7ee build/stm32f1xx_hal_rcc.o
 .debug_loc     0x00001dd8      0x511 build/stm32f1xx_hal_gpio.o
 .debug_loc     0x000022e9      0x77f build/stm32f1xx_hal_cortex.o
 .debug_loc     0x00002a68       0xff build/system_stm32f1xx.o

.debug_aranges  0x00000000      0x540
 .debug_aranges
                0x00000000       0x30 build/main.o
 .debug_aranges
                0x00000030       0x20 build/gpio.o
 .debug_aranges
                0x00000050       0x70 build/stm32f1xx_it.o
 .debug_aranges
                0x000000c0       0x20 build/stm32f1xx_hal_msp.o
 .debug_aranges
                0x000000e0       0x60 build/can.o
 .debug_aranges
                0x00000140       0x20 build/canif.o
 .debug_aranges
                0x00000160      0x138 build/stm32f1xx_hal_can.o
 .debug_aranges
                0x00000298       0xe0 build/stm32f1xx_hal.o
 .debug_aranges
                0x00000378       0x90 build/stm32f1xx_hal_rcc.o
 .debug_aranges
                0x00000408       0x58 build/stm32f1xx_hal_gpio.o
 .debug_aranges
                0x00000460       0x90 build/stm32f1xx_hal_cortex.o
 .debug_aranges
                0x000004f0       0x28 build/system_stm32f1xx.o
 .debug_aranges
                0x00000518       0x28 build/startup_stm32f103x6.o

.debug_ranges   0x00000000      0x528
 .debug_ranges  0x00000000       0x38 build/main.o
 .debug_ranges  0x00000038       0x10 build/gpio.o
 .debug_ranges  0x00000048       0x60 build/stm32f1xx_it.o
 .debug_ranges  0x000000a8       0x10 build/stm32f1xx_hal_msp.o
 .debug_ranges  0x000000b8       0x68 build/can.o
 .debug_ranges  0x00000120       0x10 build/canif.o
 .debug_ranges  0x00000130      0x128 build/stm32f1xx_hal_can.o
 .debug_ranges  0x00000258       0xd0 build/stm32f1xx_hal.o
 .debug_ranges  0x00000328       0xa0 build/stm32f1xx_hal_rcc.o
 .debug_ranges  0x000003c8       0x48 build/stm32f1xx_hal_gpio.o
 .debug_ranges  0x00000410       0xe0 build/stm32f1xx_hal_cortex.o
 .debug_ranges  0x000004f0       0x18 build/system_stm32f1xx.o
 .debug_ranges  0x00000508       0x20 build/startup_stm32f103x6.o

.debug_line     0x00000000     0x418c
 .debug_line    0x00000000      0x34b build/main.o
 .debug_line    0x0000034b      0x1c5 build/gpio.o
 .debug_line    0x00000510      0x2c6 build/stm32f1xx_it.o
 .debug_line    0x000007d6      0x170 build/stm32f1xx_hal_msp.o
 .debug_line    0x00000946      0x52f build/can.o
 .debug_line    0x00000e75      0x23b build/canif.o
 .debug_line    0x000010b0     0x10ef build/stm32f1xx_hal_can.o
 .debug_line    0x0000219f      0x526 build/stm32f1xx_hal.o
 .debug_line    0x000026c5      0xc24 build/stm32f1xx_hal_rcc.o
 .debug_line    0x000032e9      0x5c4 build/stm32f1xx_hal_gpio.o
 .debug_line    0x000038ad      0x631 build/stm32f1xx_hal_cortex.o
 .debug_line    0x00003ede      0x239 build/system_stm32f1xx.o
 .debug_line    0x00004117       0x75 build/startup_stm32f103x6.o

.debug_str      0x00000000     0x1b12
 .debug_str     0x00000000      0x367 build/main.o
                                0x3ca (size before relaxing)
 .debug_str     0x00000367       0xb9 build/gpio.o
                                0x258 (size before relaxing)
 .debug_str     0x00000420      0x369 build/stm32f1xx_it.o
                                0x4f2 (size before relaxing)
 .debug_str     0x00000789       0x48 build/stm32f1xx_hal_msp.o
                                0x1fa (size before relaxing)
 .debug_str     0x000007d1      0x548 build/can.o
                                0xa82 (size before relaxing)
 .debug_str     0x00000d19       0x66 build/canif.o
                                0x51b (size before relaxing)
 .debug_str     0x00000d7f      0x3c7 build/stm32f1xx_hal_can.o
                                0xa1e (size before relaxing)
 .debug_str     0x00001146      0x2e9 build/stm32f1xx_hal.o
                                0x7ca (size before relaxing)
 .debug_str     0x0000142f      0x1fe build/stm32f1xx_hal_rcc.o
                                0x60b (size before relaxing)
 .debug_str     0x0000162d      0x104 build/stm32f1xx_hal_gpio.o
                                0x3e0 (size before relaxing)
 .debug_str     0x00001731      0x373 build/stm32f1xx_hal_cortex.o
                                0x879 (size before relaxing)
 .debug_str     0x00001aa4       0x4a build/system_stm32f1xx.o
                                0x22f (size before relaxing)
 .debug_str     0x00001aee       0x24 build/startup_stm32f103x6.o
                                 0x53 (size before relaxing)

.comment        0x00000000       0x49
 .comment       0x00000000       0x49 build/main.o
                                 0x4a (size before relaxing)
 .comment       0x00000049       0x4a build/gpio.o
 .comment       0x00000049       0x4a build/stm32f1xx_it.o
 .comment       0x00000049       0x4a build/stm32f1xx_hal_msp.o
 .comment       0x00000049       0x4a build/can.o
 .comment       0x00000049       0x4a build/canif.o
 .comment       0x00000049       0x4a build/stm32f1xx_hal_can.o
 .comment       0x00000049       0x4a build/stm32f1xx_hal.o
 .comment       0x00000049       0x4a build/stm32f1xx_hal_rcc.o
 .comment       0x00000049       0x4a build/stm32f1xx_hal_gpio.o
 .comment       0x00000049       0x4a build/stm32f1xx_hal_cortex.o
 .comment       0x00000049       0x4a build/system_stm32f1xx.o

.debug_frame    0x00000000      0xb5c
 .debug_frame   0x00000000       0x5c build/main.o
 .debug_frame   0x0000005c       0x30 build/gpio.o
 .debug_frame   0x0000008c       0xd8 build/stm32f1xx_it.o
 .debug_frame   0x00000164       0x28 build/stm32f1xx_hal_msp.o
 .debug_frame   0x0000018c       0xfc build/can.o
 .debug_frame   0x00000288       0x30 build/canif.o
 .debug_frame   0x000002b8      0x2d0 build/stm32f1xx_hal_can.o
 .debug_frame   0x00000588      0x1cc build/stm32f1xx_hal.o
 .debug_frame   0x00000754      0x190 build/stm32f1xx_hal_rcc.o
 .debug_frame   0x000008e4       0xe4 build/stm32f1xx_hal_gpio.o
 .debug_frame   0x000009c8      0x118 build/stm32f1xx_hal_cortex.o
 .debug_frame   0x00000ae0       0x30 build/system_stm32f1xx.o
 .debug_frame   0x00000b10       0x2c c:/program files (x86)/gnu arm embedded toolchain/10 2021.10/bin/../lib/gcc/arm-none-eabi/10.3.1/../../../../arm-none-eabi/lib/thumb/v7-m/nofp\libc_nano.a(lib_a-init.o)
 .debug_frame   0x00000b3c       0x20 c:/program files (x86)/gnu arm embedded toolchain/10 2021.10/bin/../lib/gcc/arm-none-eabi/10.3.1/../../../../arm-none-eabi/lib/thumb/v7-m/nofp\libc_nano.a(lib_a-memset.o)

Cross Reference Table

Symbol                                            File
ADC1_2_IRQHandler                                 build/startup_stm32f103x6.o
AHBPrescTable                                     build/system_stm32f1xx.o
                                                  build/stm32f1xx_hal_rcc.o
APBPrescTable                                     build/system_stm32f1xx.o
                                                  build/stm32f1xx_hal_rcc.o
BusFault_Handler                                  build/stm32f1xx_it.o
CAN1_RX1_IRQHandler                               build/stm32f1xx_it.o
CAN1_SCE_IRQHandler                               build/startup_stm32f103x6.o
CAN_Config                                        build/can.o
CAN_Filter_Config                                 build/can.o
CAN_Init                                          build/can.o
                                                  build/main.o
CAN_SetTxPacket                                   build/can.o
                                                  build/main.o
CAN_Transmit                                      build/can.o
CanIf_Transmit                                    build/canif.o
                                                  build/main.o
DMA1_Channel1_IRQHandler                          build/startup_stm32f103x6.o
DMA1_Channel2_IRQHandler                          build/startup_stm32f103x6.o
DMA1_Channel3_IRQHandler                          build/startup_stm32f103x6.o
DMA1_Channel4_IRQHandler                          build/startup_stm32f103x6.o
DMA1_Channel5_IRQHandler                          build/startup_stm32f103x6.o
DMA1_Channel6_IRQHandler                          build/startup_stm32f103x6.o
DMA1_Channel7_IRQHandler                          build/startup_stm32f103x6.o
DebugMon_Handler                                  build/stm32f1xx_it.o
Default_Handler                                   build/startup_stm32f103x6.o
EXTI0_IRQHandler                                  build/startup_stm32f103x6.o
EXTI15_10_IRQHandler                              build/startup_stm32f103x6.o
EXTI1_IRQHandler                                  build/startup_stm32f103x6.o
EXTI2_IRQHandler                                  build/startup_stm32f103x6.o
EXTI3_IRQHandler                                  build/startup_stm32f103x6.o
EXTI4_IRQHandler                                  build/startup_stm32f103x6.o
EXTI9_5_IRQHandler                                build/startup_stm32f103x6.o
Error_Handler                                     build/main.o
                                                  build/canif.o
                                                  build/can.o
FLASH_IRQHandler                                  build/startup_stm32f103x6.o
FLASH_PageErase                                   build/stm32f1xx_hal_flash_ex.o
                                                  build/stm32f1xx_hal_flash.o
FLASH_WaitForLastOperation                        build/stm32f1xx_hal_flash.o
                                                  build/stm32f1xx_hal_flash_ex.o
HAL_CAN_AbortTxRequest                            build/stm32f1xx_hal_can.o
HAL_CAN_ActivateNotification                      build/stm32f1xx_hal_can.o
                                                  build/can.o
HAL_CAN_AddTxMessage                              build/stm32f1xx_hal_can.o
                                                  build/canif.o
                                                  build/can.o
HAL_CAN_ConfigFilter                              build/stm32f1xx_hal_can.o
                                                  build/can.o
HAL_CAN_DeInit                                    build/stm32f1xx_hal_can.o
HAL_CAN_DeactivateNotification                    build/stm32f1xx_hal_can.o
HAL_CAN_ErrorCallback                             build/stm32f1xx_hal_can.o
HAL_CAN_GetError                                  build/stm32f1xx_hal_can.o
HAL_CAN_GetRxFifoFillLevel                        build/stm32f1xx_hal_can.o
HAL_CAN_GetRxMessage                              build/stm32f1xx_hal_can.o
                                                  build/can.o
HAL_CAN_GetState                                  build/stm32f1xx_hal_can.o
HAL_CAN_GetTxMailboxesFreeLevel                   build/stm32f1xx_hal_can.o
                                                  build/canif.o
HAL_CAN_GetTxTimestamp                            build/stm32f1xx_hal_can.o
HAL_CAN_IRQHandler                                build/stm32f1xx_hal_can.o
                                                  build/stm32f1xx_it.o
HAL_CAN_Init                                      build/stm32f1xx_hal_can.o
                                                  build/can.o
HAL_CAN_IsSleepActive                             build/stm32f1xx_hal_can.o
HAL_CAN_IsTxMessagePending                        build/stm32f1xx_hal_can.o
HAL_CAN_MspDeInit                                 build/can.o
HAL_CAN_MspInit                                   build/can.o
HAL_CAN_RequestSleep                              build/stm32f1xx_hal_can.o
HAL_CAN_ResetError                                build/stm32f1xx_hal_can.o
HAL_CAN_RxFifo0FullCallback                       build/stm32f1xx_hal_can.o
HAL_CAN_RxFifo0MsgPendingCallback                 build/can.o
HAL_CAN_RxFifo1FullCallback                       build/stm32f1xx_hal_can.o
HAL_CAN_RxFifo1MsgPendingCallback                 build/stm32f1xx_hal_can.o
HAL_CAN_SleepCallback                             build/stm32f1xx_hal_can.o
HAL_CAN_Start                                     build/stm32f1xx_hal_can.o
                                                  build/can.o
HAL_CAN_Stop                                      build/stm32f1xx_hal_can.o
HAL_CAN_TxMailbox0AbortCallback                   build/stm32f1xx_hal_can.o
HAL_CAN_TxMailbox0CompleteCallback                build/stm32f1xx_hal_can.o
HAL_CAN_TxMailbox1AbortCallback                   build/stm32f1xx_hal_can.o
HAL_CAN_TxMailbox1CompleteCallback                build/stm32f1xx_hal_can.o
HAL_CAN_TxMailbox2AbortCallback                   build/stm32f1xx_hal_can.o
HAL_CAN_TxMailbox2CompleteCallback                build/stm32f1xx_hal_can.o
HAL_CAN_WakeUp                                    build/stm32f1xx_hal_can.o
HAL_CAN_WakeUpFromRxMsgCallback                   build/stm32f1xx_hal_can.o
HAL_DBGMCU_DisableDBGSleepMode                    build/stm32f1xx_hal.o
HAL_DBGMCU_DisableDBGStandbyMode                  build/stm32f1xx_hal.o
HAL_DBGMCU_DisableDBGStopMode                     build/stm32f1xx_hal.o
HAL_DBGMCU_EnableDBGSleepMode                     build/stm32f1xx_hal.o
HAL_DBGMCU_EnableDBGStandbyMode                   build/stm32f1xx_hal.o
HAL_DBGMCU_EnableDBGStopMode                      build/stm32f1xx_hal.o
HAL_DMA_Abort                                     build/stm32f1xx_hal_dma.o
HAL_DMA_Abort_IT                                  build/stm32f1xx_hal_dma.o
HAL_DMA_DeInit                                    build/stm32f1xx_hal_dma.o
HAL_DMA_GetError                                  build/stm32f1xx_hal_dma.o
HAL_DMA_GetState                                  build/stm32f1xx_hal_dma.o
HAL_DMA_IRQHandler                                build/stm32f1xx_hal_dma.o
HAL_DMA_Init                                      build/stm32f1xx_hal_dma.o
HAL_DMA_PollForTransfer                           build/stm32f1xx_hal_dma.o
HAL_DMA_RegisterCallback                          build/stm32f1xx_hal_dma.o
HAL_DMA_Start                                     build/stm32f1xx_hal_dma.o
HAL_DMA_Start_IT                                  build/stm32f1xx_hal_dma.o
HAL_DMA_UnRegisterCallback                        build/stm32f1xx_hal_dma.o
HAL_DeInit                                        build/stm32f1xx_hal.o
HAL_Delay                                         build/stm32f1xx_hal.o
                                                  build/main.o
HAL_EXTI_ClearConfigLine                          build/stm32f1xx_hal_exti.o
HAL_EXTI_ClearPending                             build/stm32f1xx_hal_exti.o
HAL_EXTI_GenerateSWI                              build/stm32f1xx_hal_exti.o
HAL_EXTI_GetConfigLine                            build/stm32f1xx_hal_exti.o
HAL_EXTI_GetHandle                                build/stm32f1xx_hal_exti.o
HAL_EXTI_GetPending                               build/stm32f1xx_hal_exti.o
HAL_EXTI_IRQHandler                               build/stm32f1xx_hal_exti.o
HAL_EXTI_RegisterCallback                         build/stm32f1xx_hal_exti.o
HAL_EXTI_SetConfigLine                            build/stm32f1xx_hal_exti.o
HAL_FLASHEx_Erase                                 build/stm32f1xx_hal_flash_ex.o
HAL_FLASHEx_Erase_IT                              build/stm32f1xx_hal_flash_ex.o
HAL_FLASHEx_OBErase                               build/stm32f1xx_hal_flash_ex.o
HAL_FLASHEx_OBGetConfig                           build/stm32f1xx_hal_flash_ex.o
HAL_FLASHEx_OBGetUserData                         build/stm32f1xx_hal_flash_ex.o
HAL_FLASHEx_OBProgram                             build/stm32f1xx_hal_flash_ex.o
HAL_FLASH_EndOfOperationCallback                  build/stm32f1xx_hal_flash.o
HAL_FLASH_GetError                                build/stm32f1xx_hal_flash.o
HAL_FLASH_IRQHandler                              build/stm32f1xx_hal_flash.o
HAL_FLASH_Lock                                    build/stm32f1xx_hal_flash.o
HAL_FLASH_OB_Launch                               build/stm32f1xx_hal_flash.o
HAL_FLASH_OB_Lock                                 build/stm32f1xx_hal_flash.o
HAL_FLASH_OB_Unlock                               build/stm32f1xx_hal_flash.o
HAL_FLASH_OperationErrorCallback                  build/stm32f1xx_hal_flash.o
HAL_FLASH_Program                                 build/stm32f1xx_hal_flash.o
HAL_FLASH_Program_IT                              build/stm32f1xx_hal_flash.o
HAL_FLASH_Unlock                                  build/stm32f1xx_hal_flash.o
HAL_GPIOEx_ConfigEventout                         build/stm32f1xx_hal_gpio_ex.o
HAL_GPIOEx_DisableEventout                        build/stm32f1xx_hal_gpio_ex.o
HAL_GPIOEx_EnableEventout                         build/stm32f1xx_hal_gpio_ex.o
HAL_GPIO_DeInit                                   build/stm32f1xx_hal_gpio.o
                                                  build/can.o
HAL_GPIO_EXTI_Callback                            build/stm32f1xx_hal_gpio.o
HAL_GPIO_EXTI_IRQHandler                          build/stm32f1xx_hal_gpio.o
HAL_GPIO_Init                                     build/stm32f1xx_hal_gpio.o
                                                  build/stm32f1xx_hal_rcc.o
                                                  build/can.o
                                                  build/gpio.o
HAL_GPIO_LockPin                                  build/stm32f1xx_hal_gpio.o
HAL_GPIO_ReadPin                                  build/stm32f1xx_hal_gpio.o
HAL_GPIO_TogglePin                                build/stm32f1xx_hal_gpio.o
                                                  build/main.o
HAL_GPIO_WritePin                                 build/stm32f1xx_hal_gpio.o
                                                  build/gpio.o
HAL_GetDEVID                                      build/stm32f1xx_hal.o
HAL_GetHalVersion                                 build/stm32f1xx_hal.o
HAL_GetREVID                                      build/stm32f1xx_hal.o
HAL_GetTick                                       build/stm32f1xx_hal.o
                                                  build/stm32f1xx_hal_flash.o
                                                  build/stm32f1xx_hal_dma.o
                                                  build/stm32f1xx_hal_rcc_ex.o
                                                  build/stm32f1xx_hal_rcc.o
                                                  build/stm32f1xx_hal_can.o
HAL_GetTickFreq                                   build/stm32f1xx_hal.o
HAL_GetTickPrio                                   build/stm32f1xx_hal.o
HAL_GetUIDw0                                      build/stm32f1xx_hal.o
HAL_GetUIDw1                                      build/stm32f1xx_hal.o
HAL_GetUIDw2                                      build/stm32f1xx_hal.o
HAL_IncTick                                       build/stm32f1xx_hal.o
                                                  build/stm32f1xx_it.o
HAL_Init                                          build/stm32f1xx_hal.o
                                                  build/main.o
HAL_InitTick                                      build/stm32f1xx_hal.o
                                                  build/stm32f1xx_hal_rcc.o
HAL_MspDeInit                                     build/stm32f1xx_hal.o
HAL_MspInit                                       build/stm32f1xx_hal_msp.o
HAL_NVIC_ClearPendingIRQ                          build/stm32f1xx_hal_cortex.o
HAL_NVIC_DisableIRQ                               build/stm32f1xx_hal_cortex.o
                                                  build/can.o
HAL_NVIC_EnableIRQ                                build/stm32f1xx_hal_cortex.o
                                                  build/can.o
HAL_NVIC_GetActive                                build/stm32f1xx_hal_cortex.o
HAL_NVIC_GetPendingIRQ                            build/stm32f1xx_hal_cortex.o
HAL_NVIC_GetPriority                              build/stm32f1xx_hal_cortex.o
HAL_NVIC_GetPriorityGrouping                      build/stm32f1xx_hal_cortex.o
HAL_NVIC_SetPendingIRQ                            build/stm32f1xx_hal_cortex.o
HAL_NVIC_SetPriority                              build/stm32f1xx_hal_cortex.o
                                                  build/stm32f1xx_hal.o
                                                  build/can.o
HAL_NVIC_SetPriorityGrouping                      build/stm32f1xx_hal_cortex.o
                                                  build/stm32f1xx_hal.o
HAL_NVIC_SystemReset                              build/stm32f1xx_hal_cortex.o
                                                  build/stm32f1xx_hal_flash.o
HAL_PWR_ConfigPVD                                 build/stm32f1xx_hal_pwr.o
HAL_PWR_DeInit                                    build/stm32f1xx_hal_pwr.o
HAL_PWR_DisableBkUpAccess                         build/stm32f1xx_hal_pwr.o
HAL_PWR_DisablePVD                                build/stm32f1xx_hal_pwr.o
HAL_PWR_DisableSEVOnPend                          build/stm32f1xx_hal_pwr.o
HAL_PWR_DisableSleepOnExit                        build/stm32f1xx_hal_pwr.o
HAL_PWR_DisableWakeUpPin                          build/stm32f1xx_hal_pwr.o
HAL_PWR_EnableBkUpAccess                          build/stm32f1xx_hal_pwr.o
HAL_PWR_EnablePVD                                 build/stm32f1xx_hal_pwr.o
HAL_PWR_EnableSEVOnPend                           build/stm32f1xx_hal_pwr.o
HAL_PWR_EnableSleepOnExit                         build/stm32f1xx_hal_pwr.o
HAL_PWR_EnableWakeUpPin                           build/stm32f1xx_hal_pwr.o
HAL_PWR_EnterSLEEPMode                            build/stm32f1xx_hal_pwr.o
HAL_PWR_EnterSTANDBYMode                          build/stm32f1xx_hal_pwr.o
HAL_PWR_EnterSTOPMode                             build/stm32f1xx_hal_pwr.o
HAL_PWR_PVDCallback                               build/stm32f1xx_hal_pwr.o
HAL_PWR_PVD_IRQHandler                            build/stm32f1xx_hal_pwr.o
HAL_RCCEx_GetPeriphCLKConfig                      build/stm32f1xx_hal_rcc_ex.o
HAL_RCCEx_GetPeriphCLKFreq                        build/stm32f1xx_hal_rcc_ex.o
HAL_RCCEx_PeriphCLKConfig                         build/stm32f1xx_hal_rcc_ex.o
HAL_RCC_CSSCallback                               build/stm32f1xx_hal_rcc.o
HAL_RCC_ClockConfig                               build/stm32f1xx_hal_rcc.o
                                                  build/main.o
HAL_RCC_DeInit                                    build/stm32f1xx_hal_rcc.o
HAL_RCC_DisableCSS                                build/stm32f1xx_hal_rcc.o
HAL_RCC_EnableCSS                                 build/stm32f1xx_hal_rcc.o
HAL_RCC_GetClockConfig                            build/stm32f1xx_hal_rcc.o
HAL_RCC_GetHCLKFreq                               build/stm32f1xx_hal_rcc.o
HAL_RCC_GetOscConfig                              build/stm32f1xx_hal_rcc.o
HAL_RCC_GetPCLK1Freq                              build/stm32f1xx_hal_rcc.o
HAL_RCC_GetPCLK2Freq                              build/stm32f1xx_hal_rcc.o
                                                  build/stm32f1xx_hal_rcc_ex.o
HAL_RCC_GetSysClockFreq                           build/stm32f1xx_hal_rcc.o
HAL_RCC_MCOConfig                                 build/stm32f1xx_hal_rcc.o
HAL_RCC_NMI_IRQHandler                            build/stm32f1xx_hal_rcc.o
HAL_RCC_OscConfig                                 build/stm32f1xx_hal_rcc.o
                                                  build/main.o
HAL_ResumeTick                                    build/stm32f1xx_hal.o
HAL_SYSTICK_CLKSourceConfig                       build/stm32f1xx_hal_cortex.o
HAL_SYSTICK_Callback                              build/stm32f1xx_hal_cortex.o
HAL_SYSTICK_Config                                build/stm32f1xx_hal_cortex.o
                                                  build/stm32f1xx_hal.o
HAL_SYSTICK_IRQHandler                            build/stm32f1xx_hal_cortex.o
HAL_SetTickFreq                                   build/stm32f1xx_hal.o
HAL_SuspendTick                                   build/stm32f1xx_hal.o
HardFault_Handler                                 build/stm32f1xx_it.o
I2C1_ER_IRQHandler                                build/startup_stm32f103x6.o
I2C1_EV_IRQHandler                                build/startup_stm32f103x6.o
MX_CAN_Init                                       build/can.o
                                                  build/main.o
MX_GPIO_Init                                      build/gpio.o
                                                  build/main.o
MemManage_Handler                                 build/stm32f1xx_it.o
NMI_Handler                                       build/stm32f1xx_it.o
PVD_IRQHandler                                    build/startup_stm32f103x6.o
PendSV_Handler                                    build/stm32f1xx_it.o
RCC_IRQHandler                                    build/startup_stm32f103x6.o
RTC_Alarm_IRQHandler                              build/startup_stm32f103x6.o
RTC_IRQHandler                                    build/startup_stm32f103x6.o
Reset_Handler                                     build/startup_stm32f103x6.o
SPI1_IRQHandler                                   build/startup_stm32f103x6.o
SVC_Handler                                       build/stm32f1xx_it.o
SysTick_Handler                                   build/stm32f1xx_it.o
SystemClock_Config                                build/main.o
SystemCoreClock                                   build/system_stm32f1xx.o
                                                  build/stm32f1xx_hal_rcc.o
                                                  build/stm32f1xx_hal.o
SystemCoreClockUpdate                             build/system_stm32f1xx.o
SystemInit                                        build/system_stm32f1xx.o
                                                  build/startup_stm32f103x6.o
TAMPER_IRQHandler                                 build/startup_stm32f103x6.o
TIM1_BRK_IRQHandler                               build/startup_stm32f103x6.o
TIM1_CC_IRQHandler                                build/startup_stm32f103x6.o
TIM1_TRG_COM_IRQHandler                           build/startup_stm32f103x6.o
TIM1_UP_IRQHandler                                build/startup_stm32f103x6.o
TIM2_IRQHandler                                   build/startup_stm32f103x6.o
TIM3_IRQHandler                                   build/startup_stm32f103x6.o
TxPduIdToStdIdTable                               build/canif.o
USART1_IRQHandler                                 build/startup_stm32f103x6.o
USART2_IRQHandler                                 build/startup_stm32f103x6.o
USBWakeUp_IRQHandler                              build/startup_stm32f103x6.o
USB_HP_CAN1_TX_IRQHandler                         build/startup_stm32f103x6.o
USB_LP_CAN1_RX0_IRQHandler                        build/stm32f1xx_it.o
UsageFault_Handler                                build/stm32f1xx_it.o
WWDG_IRQHandler                                   build/startup_stm32f103x6.o
_Min_Stack_Size                                   build/sysmem.o
__bss_end__                                       c:/program files (x86)/gnu arm embedded toolchain/10 2021.10/bin/../lib/gcc/arm-none-eabi/10.3.1/../../../../arm-none-eabi/lib/thumb/v7-m/nofp/crt0.o
__bss_start__                                     c:/program files (x86)/gnu arm embedded toolchain/10 2021.10/bin/../lib/gcc/arm-none-eabi/10.3.1/../../../../arm-none-eabi/lib/thumb/v7-m/nofp/crt0.o
__call_exitprocs                                  c:/program files (x86)/gnu arm embedded toolchain/10 2021.10/bin/../lib/gcc/arm-none-eabi/10.3.1/../../../../arm-none-eabi/lib/thumb/v7-m/nofp\libc_nano.a(lib_a-exit.o)
__deregister_frame_info                           c:/program files (x86)/gnu arm embedded toolchain/10 2021.10/bin/../lib/gcc/arm-none-eabi/10.3.1/thumb/v7-m/nofp/crtbegin.o
__dso_handle                                      c:/program files (x86)/gnu arm embedded toolchain/10 2021.10/bin/../lib/gcc/arm-none-eabi/10.3.1/thumb/v7-m/nofp/crtbegin.o
__env                                             build/syscalls.o
__errno                                           c:/program files (x86)/gnu arm embedded toolchain/10 2021.10/bin/../lib/gcc/arm-none-eabi/10.3.1/../../../../arm-none-eabi/lib/thumb/v7-m/nofp\libc_nano.a(lib_a-errno.o)
                                                  build/syscalls.o
                                                  build/sysmem.o
__init_array_end                                  c:/program files (x86)/gnu arm embedded toolchain/10 2021.10/bin/../lib/gcc/arm-none-eabi/10.3.1/../../../../arm-none-eabi/lib/thumb/v7-m/nofp\libc_nano.a(lib_a-init.o)
__init_array_start                                c:/program files (x86)/gnu arm embedded toolchain/10 2021.10/bin/../lib/gcc/arm-none-eabi/10.3.1/../../../../arm-none-eabi/lib/thumb/v7-m/nofp\libc_nano.a(lib_a-init.o)
__io_getchar                                      build/syscalls.o
__io_putchar                                      build/syscalls.o
__libc_fini_array                                 c:/program files (x86)/gnu arm embedded toolchain/10 2021.10/bin/../lib/gcc/arm-none-eabi/10.3.1/../../../../arm-none-eabi/lib/thumb/v7-m/nofp/crt0.o
__libc_init_array                                 c:/program files (x86)/gnu arm embedded toolchain/10 2021.10/bin/../lib/gcc/arm-none-eabi/10.3.1/../../../../arm-none-eabi/lib/thumb/v7-m/nofp\libc_nano.a(lib_a-init.o)
                                                  build/startup_stm32f103x6.o
                                                  c:/program files (x86)/gnu arm embedded toolchain/10 2021.10/bin/../lib/gcc/arm-none-eabi/10.3.1/../../../../arm-none-eabi/lib/thumb/v7-m/nofp/crt0.o
__preinit_array_end                               c:/program files (x86)/gnu arm embedded toolchain/10 2021.10/bin/../lib/gcc/arm-none-eabi/10.3.1/../../../../arm-none-eabi/lib/thumb/v7-m/nofp\libc_nano.a(lib_a-init.o)
__preinit_array_start                             c:/program files (x86)/gnu arm embedded toolchain/10 2021.10/bin/../lib/gcc/arm-none-eabi/10.3.1/../../../../arm-none-eabi/lib/thumb/v7-m/nofp\libc_nano.a(lib_a-init.o)
__register_frame_info                             c:/program files (x86)/gnu arm embedded toolchain/10 2021.10/bin/../lib/gcc/arm-none-eabi/10.3.1/thumb/v7-m/nofp/crtbegin.o
__sf_fake_stderr                                  c:/program files (x86)/gnu arm embedded toolchain/10 2021.10/bin/../lib/gcc/arm-none-eabi/10.3.1/../../../../arm-none-eabi/lib/thumb/v7-m/nofp\libc_nano.a(lib_a-impure.o)
__sf_fake_stdin                                   c:/program files (x86)/gnu arm embedded toolchain/10 2021.10/bin/../lib/gcc/arm-none-eabi/10.3.1/../../../../arm-none-eabi/lib/thumb/v7-m/nofp\libc_nano.a(lib_a-impure.o)
__sf_fake_stdout                                  c:/program files (x86)/gnu arm embedded toolchain/10 2021.10/bin/../lib/gcc/arm-none-eabi/10.3.1/../../../../arm-none-eabi/lib/thumb/v7-m/nofp\libc_nano.a(lib_a-impure.o)
__stack                                           c:/program files (x86)/gnu arm embedded toolchain/10 2021.10/bin/../lib/gcc/arm-none-eabi/10.3.1/../../../../arm-none-eabi/lib/thumb/v7-m/nofp/crt0.o
_close                                            build/syscalls.o
_ebss                                             build/startup_stm32f103x6.o
_edata                                            build/startup_stm32f103x6.o
_end                                              build/sysmem.o
_estack                                           build/startup_stm32f103x6.o
                                                  build/sysmem.o
_execve                                           build/syscalls.o
_exit                                             build/syscalls.o
                                                  c:/program files (x86)/gnu arm embedded toolchain/10 2021.10/bin/../lib/gcc/arm-none-eabi/10.3.1/../../../../arm-none-eabi/lib/thumb/v7-m/nofp\libc_nano.a(lib_a-exit.o)
_fini                                             c:/program files (x86)/gnu arm embedded toolchain/10 2021.10/bin/../lib/gcc/arm-none-eabi/10.3.1/thumb/v7-m/nofp/crti.o
_fork                                             build/syscalls.o
_fstat                                            build/syscalls.o
_getpid                                           build/syscalls.o
_global_impure_ptr                                c:/program files (x86)/gnu arm embedded toolchain/10 2021.10/bin/../lib/gcc/arm-none-eabi/10.3.1/../../../../arm-none-eabi/lib/thumb/v7-m/nofp\libc_nano.a(lib_a-impure.o)
                                                  c:/program files (x86)/gnu arm embedded toolchain/10 2021.10/bin/../lib/gcc/arm-none-eabi/10.3.1/../../../../arm-none-eabi/lib/thumb/v7-m/nofp\libc_nano.a(lib_a-exit.o)
_impure_ptr                                       c:/program files (x86)/gnu arm embedded toolchain/10 2021.10/bin/../lib/gcc/arm-none-eabi/10.3.1/../../../../arm-none-eabi/lib/thumb/v7-m/nofp\libc_nano.a(lib_a-impure.o)
                                                  c:/program files (x86)/gnu arm embedded toolchain/10 2021.10/bin/../lib/gcc/arm-none-eabi/10.3.1/../../../../arm-none-eabi/lib/thumb/v7-m/nofp\libc_nano.a(lib_a-errno.o)
_init                                             c:/program files (x86)/gnu arm embedded toolchain/10 2021.10/bin/../lib/gcc/arm-none-eabi/10.3.1/thumb/v7-m/nofp/crti.o
                                                  c:/program files (x86)/gnu arm embedded toolchain/10 2021.10/bin/../lib/gcc/arm-none-eabi/10.3.1/../../../../arm-none-eabi/lib/thumb/v7-m/nofp\libc_nano.a(lib_a-init.o)
_isatty                                           build/syscalls.o
_kill                                             build/syscalls.o
_link                                             build/syscalls.o
_lseek                                            build/syscalls.o
_mainCRTStartup                                   c:/program files (x86)/gnu arm embedded toolchain/10 2021.10/bin/../lib/gcc/arm-none-eabi/10.3.1/../../../../arm-none-eabi/lib/thumb/v7-m/nofp/crt0.o
_open                                             build/syscalls.o
_read                                             build/syscalls.o
_sbrk                                             build/sysmem.o
_sbss                                             build/startup_stm32f103x6.o
_sdata                                            build/startup_stm32f103x6.o
_sidata                                           build/startup_stm32f103x6.o
_stack_init                                       c:/program files (x86)/gnu arm embedded toolchain/10 2021.10/bin/../lib/gcc/arm-none-eabi/10.3.1/../../../../arm-none-eabi/lib/thumb/v7-m/nofp/crt0.o
_start                                            c:/program files (x86)/gnu arm embedded toolchain/10 2021.10/bin/../lib/gcc/arm-none-eabi/10.3.1/../../../../arm-none-eabi/lib/thumb/v7-m/nofp/crt0.o
_stat                                             build/syscalls.o
_times                                            build/syscalls.o
_unlink                                           build/syscalls.o
_wait                                             build/syscalls.o
_write                                            build/syscalls.o
atexit                                            c:/program files (x86)/gnu arm embedded toolchain/10 2021.10/bin/../lib/gcc/arm-none-eabi/10.3.1/../../../../arm-none-eabi/lib/thumb/v7-m/nofp/crt0.o
environ                                           build/syscalls.o
exit                                              c:/program files (x86)/gnu arm embedded toolchain/10 2021.10/bin/../lib/gcc/arm-none-eabi/10.3.1/../../../../arm-none-eabi/lib/thumb/v7-m/nofp\libc_nano.a(lib_a-exit.o)
                                                  c:/program files (x86)/gnu arm embedded toolchain/10 2021.10/bin/../lib/gcc/arm-none-eabi/10.3.1/../../../../arm-none-eabi/lib/thumb/v7-m/nofp/crt0.o
g_CanTxPacket                                     build/can.o
g_pfnVectors                                      build/startup_stm32f103x6.o
hardware_init_hook                                c:/program files (x86)/gnu arm embedded toolchain/10 2021.10/bin/../lib/gcc/arm-none-eabi/10.3.1/../../../../arm-none-eabi/lib/thumb/v7-m/nofp/crt0.o
hcan                                              build/can.o
                                                  build/canif.o
                                                  build/stm32f1xx_it.o
initialise_monitor_handles                        build/syscalls.o
main                                              build/main.o
                                                  build/startup_stm32f103x6.o
                                                  c:/program files (x86)/gnu arm embedded toolchain/10 2021.10/bin/../lib/gcc/arm-none-eabi/10.3.1/../../../../arm-none-eabi/lib/thumb/v7-m/nofp/crt0.o
memset                                            c:/program files (x86)/gnu arm embedded toolchain/10 2021.10/bin/../lib/gcc/arm-none-eabi/10.3.1/../../../../arm-none-eabi/lib/thumb/v7-m/nofp\libc_nano.a(lib_a-memset.o)
                                                  build/main.o
                                                  c:/program files (x86)/gnu arm embedded toolchain/10 2021.10/bin/../lib/gcc/arm-none-eabi/10.3.1/../../../../arm-none-eabi/lib/thumb/v7-m/nofp/crt0.o
pFlash                                            build/stm32f1xx_hal_flash.o
                                                  build/stm32f1xx_hal_flash_ex.o
software_init_hook                                c:/program files (x86)/gnu arm embedded toolchain/10 2021.10/bin/../lib/gcc/arm-none-eabi/10.3.1/../../../../arm-none-eabi/lib/thumb/v7-m/nofp/crt0.o
uwTick                                            build/stm32f1xx_hal.o
uwTickFreq                                        build/stm32f1xx_hal.o
uwTickPrio                                        build/stm32f1xx_hal.o
                                                  build/stm32f1xx_hal_rcc.o
