Archive member included to satisfy reference by file (symbol)

c:/program files (x86)/gnu arm embedded toolchain/10 2021.10/bin/../lib/gcc/arm-none-eabi/10.3.1/../../../../arm-none-eabi/lib/thumb/v7-m/nofp\libc_nano.a(lib_a-errno.o)
                              build/sysmem.o (__errno)
c:/program files (x86)/gnu arm embedded toolchain/10 2021.10/bin/../lib/gcc/arm-none-eabi/10.3.1/../../../../arm-none-eabi/lib/thumb/v7-m/nofp\libc_nano.a(lib_a-exit.o)
                              c:/program files (x86)/gnu arm embedded toolchain/10 2021.10/bin/../lib/gcc/arm-none-eabi/10.3.1/../../../../arm-none-eabi/lib/thumb/v7-m/nofp/crt0.o (exit)
c:/program files (x86)/gnu arm embedded toolchain/10 2021.10/bin/../lib/gcc/arm-none-eabi/10.3.1/../../../../arm-none-eabi/lib/thumb/v7-m/nofp\libc_nano.a(lib_a-impure.o)
                              c:/program files (x86)/gnu arm embedded toolchain/10 2021.10/bin/../lib/gcc/arm-none-eabi/10.3.1/../../../../arm-none-eabi/lib/thumb/v7-m/nofp\libc_nano.a(lib_a-exit.o) (_global_impure_ptr)
c:/program files (x86)/gnu arm embedded toolchain/10 2021.10/bin/../lib/gcc/arm-none-eabi/10.3.1/../../../../arm-none-eabi/lib/thumb/v7-m/nofp\libc_nano.a(lib_a-init.o)
                              c:/program files (x86)/gnu arm embedded toolchain/10 2021.10/bin/../lib/gcc/arm-none-eabi/10.3.1/../../../../arm-none-eabi/lib/thumb/v7-m/nofp/crt0.o (__libc_init_array)
c:/program files (x86)/gnu arm embedded toolchain/10 2021.10/bin/../lib/gcc/arm-none-eabi/10.3.1/../../../../arm-none-eabi/lib/thumb/v7-m/nofp\libc_nano.a(lib_a-memcpy-stub.o)
                              build/queue.o (memcpy)
c:/program files (x86)/gnu arm embedded toolchain/10 2021.10/bin/../lib/gcc/arm-none-eabi/10.3.1/../../../../arm-none-eabi/lib/thumb/v7-m/nofp\libc_nano.a(lib_a-memset.o)
                              c:/program files (x86)/gnu arm embedded toolchain/10 2021.10/bin/../lib/gcc/arm-none-eabi/10.3.1/../../../../arm-none-eabi/lib/thumb/v7-m/nofp/crt0.o (memset)

Discarded input sections

 .text          0x00000000        0x0 c:/program files (x86)/gnu arm embedded toolchain/10 2021.10/bin/../lib/gcc/arm-none-eabi/10.3.1/thumb/v7-m/nofp/crti.o
 .data          0x00000000        0x0 c:/program files (x86)/gnu arm embedded toolchain/10 2021.10/bin/../lib/gcc/arm-none-eabi/10.3.1/thumb/v7-m/nofp/crti.o
 .bss           0x00000000        0x0 c:/program files (x86)/gnu arm embedded toolchain/10 2021.10/bin/../lib/gcc/arm-none-eabi/10.3.1/thumb/v7-m/nofp/crti.o
 .data          0x00000000        0x4 c:/program files (x86)/gnu arm embedded toolchain/10 2021.10/bin/../lib/gcc/arm-none-eabi/10.3.1/thumb/v7-m/nofp/crtbegin.o
 .rodata        0x00000000       0x24 c:/program files (x86)/gnu arm embedded toolchain/10 2021.10/bin/../lib/gcc/arm-none-eabi/10.3.1/thumb/v7-m/nofp/crtbegin.o
 .text          0x00000000       0x7c c:/program files (x86)/gnu arm embedded toolchain/10 2021.10/bin/../lib/gcc/arm-none-eabi/10.3.1/../../../../arm-none-eabi/lib/thumb/v7-m/nofp/crt0.o
 .data          0x00000000        0x0 c:/program files (x86)/gnu arm embedded toolchain/10 2021.10/bin/../lib/gcc/arm-none-eabi/10.3.1/../../../../arm-none-eabi/lib/thumb/v7-m/nofp/crt0.o
 .bss           0x00000000        0x0 c:/program files (x86)/gnu arm embedded toolchain/10 2021.10/bin/../lib/gcc/arm-none-eabi/10.3.1/../../../../arm-none-eabi/lib/thumb/v7-m/nofp/crt0.o
 .ARM.extab     0x00000000        0x0 c:/program files (x86)/gnu arm embedded toolchain/10 2021.10/bin/../lib/gcc/arm-none-eabi/10.3.1/../../../../arm-none-eabi/lib/thumb/v7-m/nofp/crt0.o
 .ARM.exidx     0x00000000       0x10 c:/program files (x86)/gnu arm embedded toolchain/10 2021.10/bin/../lib/gcc/arm-none-eabi/10.3.1/../../../../arm-none-eabi/lib/thumb/v7-m/nofp/crt0.o
 .ARM.attributes
                0x00000000       0x1b c:/program files (x86)/gnu arm embedded toolchain/10 2021.10/bin/../lib/gcc/arm-none-eabi/10.3.1/../../../../arm-none-eabi/lib/thumb/v7-m/nofp/crt0.o
 .text          0x00000000        0x0 build/main.o
 .data          0x00000000        0x0 build/main.o
 .bss           0x00000000        0x0 build/main.o
 .text          0x00000000        0x0 build/gpio.o
 .data          0x00000000        0x0 build/gpio.o
 .bss           0x00000000        0x0 build/gpio.o
 .text          0x00000000        0x0 build/stm32f1xx_it.o
 .data          0x00000000        0x0 build/stm32f1xx_it.o
 .bss           0x00000000        0x0 build/stm32f1xx_it.o
 .text          0x00000000        0x0 build/stm32f1xx_hal_msp.o
 .data          0x00000000        0x0 build/stm32f1xx_hal_msp.o
 .bss           0x00000000        0x0 build/stm32f1xx_hal_msp.o
 .text          0x00000000        0x0 build/can.o
 .data          0x00000000        0x0 build/can.o
 .bss           0x00000000        0x0 build/can.o
 .text.HAL_CAN_MspDeInit
                0x00000000       0x3c build/can.o
 .text.CAN_Config
                0x00000000       0x40 build/can.o
 .text.CAN_Transmit
[...]
Memory Configuration

Name             Origin             Length             Attributes
RAM              0x20000000         0x00002800         xrw
FLASH            0x08000000         0x00008000         xr
*default*        0x00000000         0xffffffff

Linker script and memory map

LOAD c:/program files (x86)/gnu arm embedded toolchain/10 2021.10/bin/../lib/gcc/arm-none-eabi/10.3.1/thumb/v7-m/nofp/crti.o
LOAD c:/program files (x86)/gnu arm embedded toolchain/10 2021.10/bin/../lib/gcc/arm-none-eabi/10.3.1/thumb/v7-m/nofp/crtbegin.o
LOAD c:/program files (x86)/gnu arm embedded toolchain/10 2021.10/bin/../lib/gcc/arm-none-eabi/10.3.1/../../../../arm-none-eabi/lib/thumb/v7-m/nofp/crt0.o
LOAD build/main.o
LOAD build/gpio.o
LOAD build/stm32f1xx_it.o
LOAD build/stm32f1xx_hal_msp.o
LOAD build/can.o
LOAD build/canif.o
LOAD build/cantp.o
LOAD build/sysmem.o
LOAD build/syscalls.o
LOAD build/stm32f1xx_hal_gpio_ex.o
LOAD build/stm32f1xx_hal_can.o
LOAD build/stm32f1xx_hal.o
LOAD build/stm32f1xx_hal_rcc.o
LOAD build/stm32f1xx_hal_rcc_ex.o
LOAD build/stm32f1xx_hal_gpio.o
LOAD build/stm32f1xx_hal_dma.o
LOAD build/stm32f1xx_hal_cortex.o
LOAD build/stm32f1xx_hal_pwr.o
LOAD build/stm32f1xx_hal_flash.o
LOAD build/stm32f1xx_hal_flash_ex.o
LOAD build/stm32f1xx_hal_exti.o
LOAD build/stm32f1xx_hal_tim.o
LOAD build/stm32f1xx_hal_tim_ex.o
LOAD build/system_stm32f1xx.o
LOAD build/freertos.o
LOAD build/stm32f1xx_hal_timebase_tim.o
LOAD build/croutine.o
LOAD build/event_groups.o
LOAD build/list.o
LOAD build/queue.o
LOAD build/stream_buffer.o
LOAD build/tasks.o
LOAD build/timers.o
LOAD build/cmsis_os.o
LOAD build/heap_4.o
LOAD build/port.o
LOAD build/startup_stm32f103x6.o
LOAD c:/program files (x86)/gnu arm embedded toolchain/10 2021.10/bin/../lib/gcc/arm-none-eabi/10.3.1/../../../../arm-none-eabi/lib/thumb/v7-m/nofp\libc_nano.a
LOAD c:/program files (x86)/gnu arm embedded toolchain/10 2021.10/bin/../lib/gcc/arm-none-eabi/10.3.1/../../../../arm-none-eabi/lib/thumb/v7-m/nofp\libm.a
LOAD c:/program files (x86)/gnu arm embedded toolchain/10 2021.10/bin/../lib/gcc/arm-none-eabi/10.3.1/../../../../arm-none-eabi/lib/thumb/v7-m/nofp\libnosys.a
START GROUP
LOAD c:/program files (x86)/gnu arm embedded toolchain/10 2021.10/bin/../lib/gcc/arm-none-eabi/10.3.1/thumb/v7-m/nofp\libgcc.a
LOAD c:/program files (x86)/gnu arm embedded toolchain/10 2021.10/bin/../lib/gcc/arm-none-eabi/10.3.1/../../../../arm-none-eabi/lib/thumb/v7-m/nofp\libc_nano.a
END GROUP
START GROUP
LOAD c:/program files (x86)/gnu arm embedded toolchain/10 2021.10/bin/../lib/gcc/arm-none-eabi/10.3.1/thumb/v7-m/nofp\libgcc.a
LOAD c:/program files (x86)/gnu arm embedded toolchain/10 2021.10/bin/../lib/gcc/arm-none-eabi/10.3.1/../../../../arm-none-eabi/lib/thumb/v7-m/nofp\libc_nano.a
END GROUP
LOAD c:/program files (x86)/gnu arm embedded toolchain/10 2021.10/bin/../lib/gcc/arm-none-eabi/10.3.1/thumb/v7-m/nofp/crtend.o
LOAD c:/program files (x86)/gnu arm embedded toolchain/10 2021.10/bin/../lib/gcc/arm-none-eabi/10.3.1/thumb/v7-m/nofp/crtn.o
                0x20002800                _estack = (ORIGIN (RAM) + LENGTH (RAM))
                0x00000600                _Min_Heap_Size = 0x600
                0x00000400                _Min_Stack_Size = 0x400

.isr_vector     0x08000000      0x10c
                0x08000000                . = ALIGN (0x4)
 *(.isr_vector)
 .isr_vector    0x08000000      0x10c build/startup_stm32f103x6.o
                0x08000000                g_pfnVectors
                0x0800010c                . = ALIGN (0x4)

.text           0x08000110     0x39ac
                0x08000110                . = ALIGN (0x4)
 *(.text)
 .text          0x08000110       0x40 c:/program files (x86)/gnu arm embedded toolchain/10 2021.10/bin/../lib/gcc/arm-none-eabi/10.3.1/thumb/v7-m/nofp/crtbegin.o
 *(.text*)
 .text.SystemClock_Config
                0x08000150       0x54 build/main.o
                0x08000150                SystemClock_Config
 .text.main     0x080001a4       0x48 build/main.o
                0x080001a4                main
 .text.HAL_TIM_PeriodElapsedCallback
                0x080001ec       0x18 build/main.o
                0x080001ec                HAL_TIM_PeriodElapsedCallback
 .text.Error_Handler
                0x08000204        0x2 build/main.o
                0x08000204                Error_Handler
 *fill*         0x08000206        0x2 
 .text.MX_GPIO_Init
                0x08000208       0x78 build/gpio.o
                0x08000208                MX_GPIO_Init
 .text.NMI_Handler
                0x08000280        0x2 build/stm32f1xx_it.o
                0x08000280                NMI_Handler
 .text.HardFault_Handler
                0x08000282        0x2 build/stm32f1xx_it.o
                0x08000282                HardFault_Handler
 .text.MemManage_Handler
                0x08000284        0x2 build/stm32f1xx_it.o
                0x08000284                MemManage_Handler
 .text.BusFault_Handler
                0x08000286        0x2 build/stm32f1xx_it.o
                0x08000286                BusFault_Handler
 .text.UsageFault_Handler
                0x08000288        0x2 build/stm32f1xx_it.o
                0x08000288                UsageFault_Handler
 .text.DebugMon_Handler
                0x0800028a        0x2 build/stm32f1xx_it.o
                0x0800028a                DebugMon_Handler
 .text.USB_LP_CAN1_RX0_IRQHandler
                0x0800028c       0x10 build/stm32f1xx_it.o
                0x0800028c                USB_LP_CAN1_RX0_IRQHandler
 .text.CAN1_RX1_IRQHandler
                0x0800029c       0x10 build/stm32f1xx_it.o
                0x0800029c                CAN1_RX1_IRQHandler
 .text.TIM1_UP_IRQHandler
                0x080002ac       0x10 build/stm32f1xx_it.o
                0x080002ac                TIM1_UP_IRQHandler
 .text.HAL_MspInit
                0x080002bc       0x54 build/stm32f1xx_hal_msp.o
                0x080002bc                HAL_MspInit
 .text.MX_CAN_Init
                0x08000310       0x40 build/can.o
                0x08000310                MX_CAN_Init
 .text.HAL_CAN_MspInit
                0x08000350       0x94 build/can.o
                0x08000350                HAL_CAN_MspInit
 .text.CAN_Filter_Config
                0x080003e4       0x38 build/can.o
                0x080003e4                CAN_Filter_Config
 .text.CAN_Init
                0x0800041c       0x2c build/can.o
                0x0800041c                CAN_Init
 .text.CAN_SetTxPacket
                0x08000448       0x28 build/can.o
                0x08000448                CAN_SetTxPacket
 .text.CanIf_Transmit
                0x08000470       0x64 build/canif.o
                0x08000470                CanIf_Transmit
 .text.CanIf_Receive
                0x080004d4       0x8c build/canif.o
                0x080004d4                CanIf_Receive
 .text.HAL_CAN_RxFifo0MsgPendingCallback
                0x08000560       0x38 build/canif.o
                0x08000560                HAL_CAN_RxFifo0MsgPendingCallback
 .text.CanIf_setCallback
                0x08000598        0xc build/canif.o
                0x08000598                CanIf_setCallback
 .text.CanTp_RxIndication
                0x080005a4       0x20 build/cantp.o
                0x080005a4                CanTp_RxIndication
 .text.CanTp_Transmit
                0x080005c4       0x20 build/cantp.o
                0x080005c4                CanTp_Transmit
 .text.CanTp_GetFrameType
                0x080005e4        0xe build/cantp.o
                0x080005e4                CanTp_GetFrameType
 *fill*         0x080005f2        0x2 
 .text.CanTp_encodeSingleFrame
                0x080005f4       0x50 build/cantp.o
                0x080005f4                CanTp_encodeSingleFrame
 .text.CanTp_encodeFirstFrame
                0x08000644       0x48 build/cantp.o
                0x08000644                CanTp_encodeFirstFrame
 .text.CanTp_encodeConsecutiveFrame
                0x0800068c       0x90 build/cantp.o
                0x0800068c                CanTp_encodeConsecutiveFrame
 .text.CanTp_encodeFlowControlFrame
                0x0800071c       0x48 build/cantp.o
                0x0800071c                CanTp_encodeFlowControlFrame
 .text.CanTp_decodeFlowControlFrame
                0x08000764       0x44 build/cantp.o
                0x08000764                CanTp_decodeFlowControlFrame
 .text.CanTp_ConnectData
                0x080007a8       0x58 build/cantp.o
                0x080007a8                CanTp_ConnectData
 .text.CanTp_decodeSingleFrame
                0x08000800       0x40 build/cantp.o
                0x08000800                CanTp_decodeSingleFrame
 .text.CanTp_decodeFirstFrame
                0x08000840       0x48 build/cantp.o
                0x08000840                CanTp_decodeFirstFrame
 .text.CanTp_decodeConsecutiveFrame
                0x08000888       0x78 build/cantp.o
                0x08000888                CanTp_decodeConsecutiveFrame
 .text.CanTp_MainFunction
                0x08000900      0x1d0 build/cantp.o
                0x08000900                CanTp_MainFunction
 .text.HAL_CAN_Init
                0x08000ad0      0x14c build/stm32f1xx_hal_can.o
                0x08000ad0                HAL_CAN_Init
 .text.HAL_CAN_ConfigFilter
                0x08000c1c      0x10c build/stm32f1xx_hal_can.o
                0x08000c1c                HAL_CAN_ConfigFilter
 .text.HAL_CAN_Start
                0x08000d28       0x5c build/stm32f1xx_hal_can.o
                0x08000d28                HAL_CAN_Start
 .text.HAL_CAN_AddTxMessage
                0x08000d84       0xfc build/stm32f1xx_hal_can.o
                0x08000d84                HAL_CAN_AddTxMessage
 .text.HAL_CAN_GetTxMailboxesFreeLevel
                0x08000e80       0x32 build/stm32f1xx_hal_can.o
                0x08000e80                HAL_CAN_GetTxMailboxesFreeLevel
 .text.HAL_CAN_GetRxMessage
                0x08000eb2      0x156 build/stm32f1xx_hal_can.o
                0x08000eb2                HAL_CAN_GetRxMessage
 .text.HAL_CAN_ActivateNotification
                0x08001008       0x24 build/stm32f1xx_hal_can.o
                0x08001008                HAL_CAN_ActivateNotification
 .text.HAL_CAN_TxMailbox0CompleteCallback
                0x0800102c        0x2 build/stm32f1xx_hal_can.o
                0x0800102c                HAL_CAN_TxMailbox0CompleteCallback
 .text.HAL_CAN_TxMailbox1CompleteCallback
                0x0800102e        0x2 build/stm32f1xx_hal_can.o
                0x0800102e                HAL_CAN_TxMailbox1CompleteCallback
 .text.HAL_CAN_TxMailbox2CompleteCallback
                0x08001030        0x2 build/stm32f1xx_hal_can.o
                0x08001030                HAL_CAN_TxMailbox2CompleteCallback
 .text.HAL_CAN_TxMailbox0AbortCallback
                0x08001032        0x2 build/stm32f1xx_hal_can.o
                0x08001032                HAL_CAN_TxMailbox0AbortCallback
 .text.HAL_CAN_TxMailbox1AbortCallback
                0x08001034        0x2 build/stm32f1xx_hal_can.o
                0x08001034                HAL_CAN_TxMailbox1AbortCallback
 .text.HAL_CAN_TxMailbox2AbortCallback
                0x08001036        0x2 build/stm32f1xx_hal_can.o
                0x08001036                HAL_CAN_TxMailbox2AbortCallback
 .text.HAL_CAN_RxFifo0FullCallback
                0x08001038        0x2 build/stm32f1xx_hal_can.o
                0x08001038                HAL_CAN_RxFifo0FullCallback
 .text.HAL_CAN_RxFifo1MsgPendingCallback
                0x0800103a        0x2 build/stm32f1xx_hal_can.o
                0x0800103a                HAL_CAN_RxFifo1MsgPendingCallback
 .text.HAL_CAN_RxFifo1FullCallback
                0x0800103c        0x2 build/stm32f1xx_hal_can.o
                0x0800103c                HAL_CAN_RxFifo1FullCallback
 .text.HAL_CAN_SleepCallback
                0x0800103e        0x2 build/stm32f1xx_hal_can.o
                0x0800103e                HAL_CAN_SleepCallback
 .text.HAL_CAN_WakeUpFromRxMsgCallback
                0x08001040        0x2 build/stm32f1xx_hal_can.o
                0x08001040                HAL_CAN_WakeUpFromRxMsgCallback
 .text.HAL_CAN_ErrorCallback
                0x08001042        0x2 build/stm32f1xx_hal_can.o
                0x08001042                HAL_CAN_ErrorCallback
 .text.HAL_CAN_IRQHandler
                0x08001044      0x24a build/stm32f1xx_hal_can.o
                0x08001044                HAL_CAN_IRQHandler
 *fill*         0x0800128e        0x2 
 .text.HAL_Init
                0x08001290       0x24 build/stm32f1xx_hal.o
                0x08001290                HAL_Init
 .text.HAL_IncTick
                0x080012b4       0x18 build/stm32f1xx_hal.o
                0x080012b4                HAL_IncTick
 .text.HAL_GetTick
                0x080012cc        0xc build/stm32f1xx_hal.o
                0x080012cc                HAL_GetTick
 .text.RCC_Delay
                0x080012d8       0x2c build/stm32f1xx_hal_rcc.o
 .text.HAL_RCC_OscConfig
                0x08001304      0x410 build/stm32f1xx_hal_rcc.o
                0x08001304                HAL_RCC_OscConfig
 .text.HAL_RCC_GetSysClockFreq
                0x08001714       0x70 build/stm32f1xx_hal_rcc.o
                0x08001714                HAL_RCC_GetSysClockFreq
 .text.HAL_RCC_ClockConfig
                0x08001784      0x16c build/stm32f1xx_hal_rcc.o
                0x08001784                HAL_RCC_ClockConfig
 .text.HAL_RCC_GetHCLKFreq
                0x080018f0        0xc build/stm32f1xx_hal_rcc.o
                0x080018f0                HAL_RCC_GetHCLKFreq
 .text.HAL_RCC_GetPCLK2Freq
                0x080018fc       0x20 build/stm32f1xx_hal_rcc.o
                0x080018fc                HAL_RCC_GetPCLK2Freq
 .text.HAL_RCC_GetClockConfig
                0x0800191c       0x3c build/stm32f1xx_hal_rcc.o
                0x0800191c                HAL_RCC_GetClockConfig
 .text.HAL_GPIO_Init
                0x08001958      0x220 build/stm32f1xx_hal_gpio.o
                0x08001958                HAL_GPIO_Init
 .text.HAL_GPIO_WritePin
                0x08001b78        0xc build/stm32f1xx_hal_gpio.o
                0x08001b78                HAL_GPIO_WritePin
 .text.HAL_GPIO_TogglePin
                0x08001b84       0x12 build/stm32f1xx_hal_gpio.o
                0x08001b84                HAL_GPIO_TogglePin
 *fill*         0x08001b96        0x2 
 .text.HAL_NVIC_SetPriorityGrouping
                0x08001b98       0x24 build/stm32f1xx_hal_cortex.o
                0x08001b98                HAL_NVIC_SetPriorityGrouping
 .text.HAL_NVIC_SetPriority
                0x08001bbc       0x70 build/stm32f1xx_hal_cortex.o
                0x08001bbc                HAL_NVIC_SetPriority
 .text.HAL_NVIC_EnableIRQ
                0x08001c2c       0x1c build/stm32f1xx_hal_cortex.o
                0x08001c2c                HAL_NVIC_EnableIRQ
 .text.HAL_TIM_Base_MspInit
                0x08001c48        0x2 build/stm32f1xx_hal_tim.o
                0x08001c48                HAL_TIM_Base_MspInit
 *fill*         0x08001c4a        0x2 
 .text.HAL_TIM_Base_Start_IT
                0x08001c4c       0x60 build/stm32f1xx_hal_tim.o
                0x08001c4c                HAL_TIM_Base_Start_IT
 .text.HAL_TIM_OC_DelayElapsedCallback
                0x08001cac        0x2 build/stm32f1xx_hal_tim.o
                0x08001cac                HAL_TIM_OC_DelayElapsedCallback
 .text.HAL_TIM_IC_CaptureCallback
                0x08001cae        0x2 build/stm32f1xx_hal_tim.o
                0x08001cae                HAL_TIM_IC_CaptureCallback
 .text.HAL_TIM_PWM_PulseFinishedCallback
                0x08001cb0        0x2 build/stm32f1xx_hal_tim.o
                0x08001cb0                HAL_TIM_PWM_PulseFinishedCallback
 .text.HAL_TIM_TriggerCallback
                0x08001cb2        0x2 build/stm32f1xx_hal_tim.o
                0x08001cb2                HAL_TIM_TriggerCallback
 .text.HAL_TIM_IRQHandler
                0x08001cb4      0x17a build/stm32f1xx_hal_tim.o
                0x08001cb4                HAL_TIM_IRQHandler
 *fill*         0x08001e2e        0x2 
 .text.TIM_Base_SetConfig
                0x08001e30       0x64 build/stm32f1xx_hal_tim.o
                0x08001e30                TIM_Base_SetConfig
 .text.HAL_TIM_Base_Init
                0x08001e94       0x58 build/stm32f1xx_hal_tim.o
                0x08001e94                HAL_TIM_Base_Init
 .text.HAL_TIMEx_CommutCallback
                0x08001eec        0x2 build/stm32f1xx_hal_tim_ex.o
                0x08001eec                HAL_TIMEx_CommutCallback
 .text.HAL_TIMEx_BreakCallback
                0x08001eee        0x2 build/stm32f1xx_hal_tim_ex.o
                0x08001eee                HAL_TIMEx_BreakCallback
 .text.SystemInit
                0x08001ef0        0x2 build/system_stm32f1xx.o
                0x08001ef0                SystemInit
 .text.StartDefaultTask
                0x08001ef2        0xa build/freertos.o
                0x08001ef2                StartDefaultTask
 .text.StartTask02
                0x08001efc        0xc build/freertos.o
                0x08001efc                StartTask02
 .text.StartTask03
                0x08001f08        0xe build/freertos.o
                0x08001f08                StartTask03
 .text.StartTask04
                0x08001f16        0xe build/freertos.o
                0x08001f16                StartTask04
 .text.MX_FREERTOS_Init
                0x08001f24       0xac build/freertos.o
                0x08001f24                MX_FREERTOS_Init
 .text.HAL_InitTick
                0x08001fd0       0x78 build/stm32f1xx_hal_timebase_tim.o
                0x08001fd0                HAL_InitTick
 .text.vListInitialise
                0x08002048       0x16 build/list.o
                0x08002048                vListInitialise
 .text.vListInitialiseItem
                0x0800205e        0x6 build/list.o
                0x0800205e                vListInitialiseItem
 .text.vListInsertEnd
                0x08002064       0x16 build/list.o
                0x08002064                vListInsertEnd
 .text.vListInsert
                0x0800207a       0x32 build/list.o
                0x0800207a                vListInsert
 .text.uxListRemove
                0x080020ac       0x26 build/list.o
                0x080020ac                uxListRemove
 .text.prvIsQueueFull
                0x080020d2       0x1e build/queue.o
 .text.prvIsQueueEmpty
                0x080020f0       0x1a build/queue.o
 .text.prvCopyDataToQueue
                0x0800210a       0x76 build/queue.o
 .text.prvCopyDataFromQueue
                0x08002180       0x24 build/queue.o
 .text.prvUnlockQueue
                0x080021a4       0x6e build/queue.o
 .text.xQueueGenericReset
                0x08002212       0x84 build/queue.o
                0x08002212                xQueueGenericReset
 .text.prvInitialiseNewQueue
                0x08002296       0x22 build/queue.o
 .text.xQueueGenericCreate
                0x080022b8       0x48 build/queue.o
                0x080022b8                xQueueGenericCreate
 .text.xQueueGenericSend
                0x08002300      0x188 build/queue.o
                0x08002300                xQueueGenericSend
 .text.xQueueGenericSendFromISR
                0x08002488       0xcc build/queue.o
                0x08002488                xQueueGenericSendFromISR
 .text.xQueueReceive
                0x08002554      0x15e build/queue.o
                0x08002554                xQueueReceive
 *fill*         0x080026b2        0x2 
 .text.vQueueAddToRegistry
                0x080026b4       0x28 build/queue.o
                0x080026b4                vQueueAddToRegistry
 .text.vQueueWaitForMessageRestricted
                0x080026dc       0x52 build/queue.o
                0x080026dc                vQueueWaitForMessageRestricted
 *fill*         0x0800272e        0x2 
 .text.prvResetNextTaskUnblockTime
                0x08002730       0x2c build/tasks.o
 .text.prvDeleteTCB
                0x0800275c       0x12 build/tasks.o
 .text.prvInitialiseNewTask
                0x0800276e       0x9c build/tasks.o
 *fill*         0x0800280a        0x2 
 .text.prvInitialiseTaskLists
                0x0800280c       0x68 build/tasks.o
 .text.prvAddNewTaskToReadyList
                0x08002874       0xac build/tasks.o
 .text.prvCheckTasksWaitingTermination
                0x08002920       0x4c build/tasks.o
 .text.prvIdleTask
                0x0800296c       0x28 build/tasks.o
 .text.prvAddCurrentTaskToDelayedList
                0x08002994       0x98 build/tasks.o
 .text.xTaskCreate
                0x08002a2c       0x64 build/tasks.o
                0x08002a2c                xTaskCreate
 .text.vTaskStartScheduler
                0x08002a90       0x84 build/tasks.o
                0x08002a90                vTaskStartScheduler
 .text.vTaskSuspendAll
                0x08002b14       0x10 build/tasks.o
                0x08002b14                vTaskSuspendAll
 .text.xTaskGetTickCount
                0x08002b24        0xc build/tasks.o
                0x08002b24                xTaskGetTickCount
 .text.xTaskIncrementTick
                0x08002b30      0x118 build/tasks.o
                0x08002b30                xTaskIncrementTick
 .text.xTaskResumeAll
                0x08002c48       0xf8 build/tasks.o
                0x08002c48                xTaskResumeAll
 .text.vTaskDelay
                0x08002d40       0x4c build/tasks.o
                0x08002d40                vTaskDelay
 .text.vTaskSwitchContext
                0x08002d8c       0x98 build/tasks.o
                0x08002d8c                vTaskSwitchContext
 .text.vTaskPlaceOnEventList
                0x08002e24       0x30 build/tasks.o
                0x08002e24                vTaskPlaceOnEventList
 .text.vTaskPlaceOnEventListRestricted
                0x08002e54       0x38 build/tasks.o
                0x08002e54                vTaskPlaceOnEventListRestricted
 .text.xTaskRemoveFromEventList
                0x08002e8c       0x8c build/tasks.o
                0x08002e8c                xTaskRemoveFromEventList
 .text.vTaskInternalSetTimeOutState
                0x08002f18       0x18 build/tasks.o
                0x08002f18                vTaskInternalSetTimeOutState
 .text.xTaskCheckForTimeOut
                0x08002f30       0x84 build/tasks.o
                0x08002f30                xTaskCheckForTimeOut
 .text.vTaskMissedYield
                0x08002fb4        0xc build/tasks.o
                0x08002fb4                vTaskMissedYield
 .text.xTaskGetSchedulerState
                0x08002fc0       0x20 build/tasks.o
                0x08002fc0                xTaskGetSchedulerState
 .text.xTaskPriorityDisinherit
                0x08002fe0       0xb4 build/tasks.o
                0x08002fe0                xTaskPriorityDisinherit
 .text.prvGetNextExpireTime
                0x08003094       0x20 build/timers.o
 .text.prvInsertTimerInActiveList
                0x080030b4       0x48 build/timers.o
 .text.prvCheckForValidListAndQueue
                0x080030fc       0x5c build/timers.o
 .text.xTimerCreateTimerTask
                0x08003158       0x50 build/timers.o
                0x08003158                xTimerCreateTimerTask
 .text.xTimerGenericCommand
                0x080031a8       0x6c build/timers.o
                0x080031a8                xTimerGenericCommand
 .text.prvSwitchTimerLists
                0x08003214       0x78 build/timers.o
 .text.prvSampleTimeNow
                0x0800328c       0x2c build/timers.o
 .text.prvProcessExpiredTimer
                0x080032b8       0x60 build/timers.o
 .text.prvProcessTimerOrBlockTask
                0x08003318       0x74 build/timers.o
 .text.prvProcessReceivedCommands
                0x0800338c       0xdc build/timers.o
 .text.prvTimerTask
                0x08003468       0x16 build/timers.o
 .text.makeFreeRtosPriority
                0x0800347e        0xc build/cmsis_os.o
 .text.osKernelStart
                0x0800348a        0xa build/cmsis_os.o
                0x0800348a                osKernelStart
 .text.osThreadCreate
                0x08003494       0x34 build/cmsis_os.o
                0x08003494                osThreadCreate
 .text.osDelay  0x080034c8        0xe build/cmsis_os.o
                0x080034c8                osDelay
 *fill*         0x080034d6        0x2 
 .text.prvHeapInit
                0x080034d8       0x68 build/heap_4.o
 .text.prvInsertBlockIntoFreeList
                0x08003540       0x60 build/heap_4.o
 .text.pvPortMalloc
                0x080035a0       0xf0 build/heap_4.o
                0x080035a0                pvPortMalloc
 .text.vPortFree
                0x08003690       0x70 build/heap_4.o
                0x08003690                vPortFree
 .text.prvTaskExitError
                0x08003700       0x40 build/port.o
 .text.prvPortStartFirstTask
                0x08003740       0x20 build/port.o
 .text.pxPortInitialiseStack
                0x08003760       0x24 build/port.o
                0x08003760                pxPortInitialiseStack
 *fill*         0x08003784        0xc 
 .text.SVC_Handler
                0x08003790       0x24 build/port.o
                0x08003790                SVC_Handler
 .text.vPortEnterCritical
                0x080037b4       0x44 build/port.o
                0x080037b4                vPortEnterCritical
 .text.vPortExitCritical
                0x080037f8       0x2c build/port.o
                0x080037f8                vPortExitCritical
 *fill*         0x08003824        0xc 
 .text.PendSV_Handler
                0x08003830       0x44 build/port.o
                0x08003830                PendSV_Handler
 .text.SysTick_Handler
                0x08003874       0x2c build/port.o
                0x08003874                SysTick_Handler
 .text.vPortSetupTimerInterrupt
                0x080038a0       0x28 build/port.o
                0x080038a0                vPortSetupTimerInterrupt
 .text.xPortStartScheduler
                0x080038c8       0xc0 build/port.o
                0x080038c8                xPortStartScheduler
 .text.vPortValidateInterruptPriority
                0x08003988       0x5c build/port.o
                0x08003988                vPortValidateInterruptPriority
 .text.Reset_Handler
                0x080039e4       0x48 build/startup_stm32f103x6.o
                0x080039e4                Reset_Handler
 .text.Default_Handler
                0x08003a2c        0x2 build/startup_stm32f103x6.o
                0x08003a2c                RTC_Alarm_IRQHandler
                0x08003a2c                EXTI2_IRQHandler
                0x08003a2c                TIM1_CC_IRQHandler
                0x08003a2c                PVD_IRQHandler
                0x08003a2c                EXTI3_IRQHandler
                0x08003a2c                EXTI0_IRQHandler
                0x08003a2c                ADC1_2_IRQHandler
                0x08003a2c                SPI1_IRQHandler
                0x08003a2c                TAMPER_IRQHandler
                0x08003a2c                DMA1_Channel4_IRQHandler
                0x08003a2c                RTC_IRQHandler
                0x08003a2c                DMA1_Channel7_IRQHandler
                0x08003a2c                I2C1_EV_IRQHandler
                0x08003a2c                DMA1_Channel6_IRQHandler
                0x08003a2c                TIM3_IRQHandler
                0x08003a2c                RCC_IRQHandler
                0x08003a2c                TIM1_TRG_COM_IRQHandler
                0x08003a2c                DMA1_Channel1_IRQHandler
                0x08003a2c                Default_Handler
                0x08003a2c                EXTI15_10_IRQHandler
                0x08003a2c                EXTI9_5_IRQHandler
                0x08003a2c                DMA1_Channel5_IRQHandler
                0x08003a2c                EXTI4_IRQHandler
                0x08003a2c                USB_HP_CAN1_TX_IRQHandler
                0x08003a2c                DMA1_Channel3_IRQHandler
                0x08003a2c                WWDG_IRQHandler
                0x08003a2c                TIM2_IRQHandler
                0x08003a2c                TIM1_BRK_IRQHandler
                0x08003a2c                EXTI1_IRQHandler
                0x08003a2c                USART2_IRQHandler
                0x08003a2c                DMA1_Channel2_IRQHandler
                0x08003a2c                CAN1_SCE_IRQHandler
                0x08003a2c                FLASH_IRQHandler
                0x08003a2c                USART1_IRQHandler
                0x08003a2c                I2C1_ER_IRQHandler
                0x08003a2c                USBWakeUp_IRQHandler
 *fill*         0x08003a2e        0x2 
 .text.__libc_init_array
                0x08003a30       0x48 c:/program files (x86)/gnu arm embedded toolchain/10 2021.10/bin/../lib/gcc/arm-none-eabi/10.3.1/../../../../arm-none-eabi/lib/thumb/v7-m/nofp\libc_nano.a(lib_a-init.o)
                0x08003a30                __libc_init_array
 .text.memcpy   0x08003a78       0x1c c:/program files (x86)/gnu arm embedded toolchain/10 2021.10/bin/../lib/gcc/arm-none-eabi/10.3.1/../../../../arm-none-eabi/lib/thumb/v7-m/nofp\libc_nano.a(lib_a-memcpy-stub.o)
                0x08003a78                memcpy
 .text.memset   0x08003a94       0x10 c:/program files (x86)/gnu arm embedded toolchain/10 2021.10/bin/../lib/gcc/arm-none-eabi/10.3.1/../../../../arm-none-eabi/lib/thumb/v7-m/nofp\libc_nano.a(lib_a-memset.o)
                0x08003a94                memset
 *(.glue_7)
 .glue_7        0x08003aa4        0x0 linker stubs
 *(.glue_7t)
 .glue_7t       0x08003aa4        0x0 linker stubs
 *(.eh_frame)
 .eh_frame      0x08003aa4        0x0 c:/program files (x86)/gnu arm embedded toolchain/10 2021.10/bin/../lib/gcc/arm-none-eabi/10.3.1/thumb/v7-m/nofp/crtbegin.o
 *(.init)
 .init          0x08003aa4        0x4 c:/program files (x86)/gnu arm embedded toolchain/10 2021.10/bin/../lib/gcc/arm-none-eabi/10.3.1/thumb/v7-m/nofp/crti.o
                0x08003aa4                _init
 .init          0x08003aa8        0x8 c:/program files (x86)/gnu arm embedded toolchain/10 2021.10/bin/../lib/gcc/arm-none-eabi/10.3.1/thumb/v7-m/nofp/crtn.o
 *(.fini)
 .fini          0x08003ab0        0x4 c:/program files (x86)/gnu arm embedded toolchain/10 2021.10/bin/../lib/gcc/arm-none-eabi/10.3.1/thumb/v7-m/nofp/crti.o
                0x08003ab0                _fini
 .fini          0x08003ab4        0x8 c:/program files (x86)/gnu arm embedded toolchain/10 2021.10/bin/../lib/gcc/arm-none-eabi/10.3.1/thumb/v7-m/nofp/crtn.o
                0x08003abc                . = ALIGN (0x4)
                0x08003abc                _etext = .

.vfp11_veneer   0x08003abc        0x0
 .vfp11_veneer  0x08003abc        0x0 linker stubs

.v4_bx          0x08003abc        0x0
 .v4_bx         0x08003abc        0x0 linker stubs

.iplt           0x08003abc        0x0
 .iplt          0x08003abc        0x0 c:/program files (x86)/gnu arm embedded toolchain/10 2021.10/bin/../lib/gcc/arm-none-eabi/10.3.1/thumb/v7-m/nofp/crtbegin.o

.rodata         0x08003abc      0x194
                0x08003abc                . = ALIGN (0x4)
 *(.rodata)
 .rodata        0x08003abc       0x50 build/freertos.o
 *(.rodata*)
 .rodata.RxPduIdToStdIdTable
                0x08003b0c       0x6c build/canif.o
                0x08003b0c                RxPduIdToStdIdTable
 .rodata.TxPduIdToStdIdTable
                0x08003b78       0x6c build/canif.o
                0x08003b78                TxPduIdToStdIdTable
 .rodata.HAL_RCC_GetSysClockFreq.str1.4
                0x08003be4       0x11 build/stm32f1xx_hal_rcc.o
 *fill*         0x08003bf5        0x3 
 .rodata.AHBPrescTable
                0x08003bf8       0x10 build/system_stm32f1xx.o
                0x08003bf8                AHBPrescTable
 .rodata.APBPrescTable
                0x08003c08        0x8 build/system_stm32f1xx.o
                0x08003c08                APBPrescTable
 .rodata.str1.4
                0x08003c10       0x28 build/freertos.o
 .rodata.vTaskStartScheduler.str1.4
                0x08003c38        0x5 build/tasks.o
 *fill*         0x08003c3d        0x3 
 .rodata.prvCheckForValidListAndQueue.str1.4
                0x08003c40        0x5 build/timers.o
 *fill*         0x08003c45        0x3 
 .rodata.xTimerCreateTimerTask.str1.4
                0x08003c48        0x8 build/timers.o
                0x08003c50                . = ALIGN (0x4)

.rel.dyn        0x08003c50        0x0
 .rel.iplt      0x08003c50        0x0 c:/program files (x86)/gnu arm embedded toolchain/10 2021.10/bin/../lib/gcc/arm-none-eabi/10.3.1/thumb/v7-m/nofp/crtbegin.o

.ARM.extab
 *(.ARM.extab* .gnu.linkonce.armextab.*)

.ARM            0x08003c50        0x0
                0x08003c50                __exidx_start = .
 *(.ARM.exidx*)
                0x08003c50                __exidx_end = .

.preinit_array  0x08003c50        0x0
                0x08003c50                PROVIDE (__preinit_array_start = .)
 *(.preinit_array*)
                0x08003c50                PROVIDE (__preinit_array_end = .)

.init_array     0x08003c50        0x4
                0x08003c50                PROVIDE (__init_array_start = .)
 *(SORT_BY_NAME(.init_array.*))
 *(.init_array*)
 .init_array    0x08003c50        0x4 c:/program files (x86)/gnu arm embedded toolchain/10 2021.10/bin/../lib/gcc/arm-none-eabi/10.3.1/thumb/v7-m/nofp/crtbegin.o
                0x08003c54                PROVIDE (__init_array_end = .)

.fini_array     0x08003c54        0x4
                [!provide]                PROVIDE (__fini_array_start = .)
 *(SORT_BY_NAME(.fini_array.*))
 *(.fini_array*)
 .fini_array    0x08003c54        0x4 c:/program files (x86)/gnu arm embedded toolchain/10 2021.10/bin/../lib/gcc/arm-none-eabi/10.3.1/thumb/v7-m/nofp/crtbegin.o
                [!provide]                PROVIDE (__fini_array_end = .)
                0x08003c58                _sidata = LOADADDR (.data)

.data           0x20000000       0x18 load address 0x08003c58
                0x20000000                . = ALIGN (0x4)
                0x20000000                _sdata = .
 *(.data)
 *(.data*)
 .data.availableBuffers
                0x20000000        0x4 build/cantp.o
                0x20000000                availableBuffers
 .data.currentOffset
                0x20000004        0x4 build/cantp.o
                0x20000004                currentOffset
 .data.uwTickFreq
                0x20000008        0x1 build/stm32f1xx_hal.o
                0x20000008                uwTickFreq
 *fill*         0x20000009        0x3 
 .data.uwTickPrio
                0x2000000c        0x4 build/stm32f1xx_hal.o
                0x2000000c                uwTickPrio
 .data.SystemCoreClock
                0x20000010        0x4 build/system_stm32f1xx.o
                0x20000010                SystemCoreClock
 .data.uxCriticalNesting
                0x20000014        0x4 build/port.o
                0x20000018                . = ALIGN (0x4)
                0x20000018                _edata = .

.igot.plt       0x20000018        0x0 load address 0x08003c70
 .igot.plt      0x20000018        0x0 c:/program files (x86)/gnu arm embedded toolchain/10 2021.10/bin/../lib/gcc/arm-none-eabi/10.3.1/thumb/v7-m/nofp/crtbegin.o
                0x20000018                . = ALIGN (0x4)

.bss            0x20000018     0x1a94 load address 0x08003c70
                0x20000018                _sbss = .
                0x20000018                __bss_start__ = _sbss
 *(.bss)
 .bss           0x20000018       0x1c c:/program files (x86)/gnu arm embedded toolchain/10 2021.10/bin/../lib/gcc/arm-none-eabi/10.3.1/thumb/v7-m/nofp/crtbegin.o
 *(.bss*)
 .bss.CanIf_Rx  0x20000034        0x1 build/can.o
                0x20000034                CanIf_Rx
 *fill*         0x20000035        0x3 
 .bss.g_CanTxPacket
                0x20000038       0x24 build/can.o
                0x20000038                g_CanTxPacket
 .bss.hcan      0x2000005c       0x28 build/can.o
                0x2000005c                hcan
 .bss.CanIfPduInfo
                0x20000084        0xc build/canif.o
                0x20000084                CanIfPduInfo
 .bss.CanTp_Callback
                0x20000090        0x4 build/canif.o
                0x20000090                CanTp_Callback
 .bss.rxHeader  0x20000094       0x1c build/canif.o
                0x20000094                rxHeader
 .bss.App_Callback
                0x200000b0        0x4 build/cantp.o
                0x200000b0                App_Callback
 .bss.CanTp_Rx  0x200000b4        0x1 build/cantp.o
                0x200000b4                CanTp_Rx
 .bss.CanTp_Tx  0x200000b5        0x1 build/cantp.o
                0x200000b5                CanTp_Tx
 *fill*         0x200000b6        0x2 
 .bss.CompletePduInfo
                0x200000b8      0x404 build/cantp.o
                0x200000b8                CompletePduInfo
 .bss.ConsecSN  0x200004bc        0x1 build/cantp.o
                0x200004bc                ConsecSN
 *fill*         0x200004bd        0x3 
 .bss.DecodedPduInfo
                0x200004c0        0xc build/cantp.o
                0x200004c0                DecodedPduInfo
 .bss.EncodedPduInfo
                0x200004cc        0xc build/cantp.o
                0x200004cc                EncodedPduInfo
 .bss.GlobalRxPduId
                0x200004d8        0x4 build/cantp.o
                0x200004d8                GlobalRxPduId
 .bss.GlobalRxPduInfoPtr
                0x200004dc        0x4 build/cantp.o
                0x200004dc                GlobalRxPduInfoPtr
 .bss.GlobalTxPduId
                0x200004e0        0x4 build/cantp.o
                0x200004e0                GlobalTxPduId
 .bss.GlobalTxPduInfoPtr
                0x200004e4        0x4 build/cantp.o
                0x200004e4                GlobalTxPduInfoPtr
 .bss.currentIndex
                0x200004e8        0x2 build/cantp.o
                0x200004e8                currentIndex
 .bss.expectedFrameState
                0x200004ea        0x1 build/cantp.o
                0x200004ea                expectedFrameState
 *fill*         0x200004eb        0x1 
 .bss.numberOfConsecutiveFramesToReceive
                0x200004ec        0x4 build/cantp.o
                0x200004ec                numberOfConsecutiveFramesToReceive
 .bss.numberOfConsecutiveFramesToSend
                0x200004f0        0x4 build/cantp.o
                0x200004f0                numberOfConsecutiveFramesToSend
 .bss.numberOfRemainingBytesToReceive
                0x200004f4        0x4 build/cantp.o
                0x200004f4                numberOfRemainingBytesToReceive
 .bss.numberOfRemainingBytesToSend
                0x200004f8        0x4 build/cantp.o
                0x200004f8                numberOfRemainingBytesToSend
 .bss.startOffset
                0x200004fc        0x4 build/cantp.o
                0x200004fc                startOffset
 .bss.uwTick    0x20000500        0x4 build/stm32f1xx_hal.o
                0x20000500                uwTick
 .bss.CANIFRXTaskHandle
                0x20000504        0x4 build/freertos.o
                0x20000504                CANIFRXTaskHandle
 .bss.CANTPMFHandle
                0x20000508        0x4 build/freertos.o
                0x20000508                CANTPMFHandle
 .bss.LEDTaskHandle
                0x2000050c        0x4 build/freertos.o
                0x2000050c                LEDTaskHandle
 .bss.defaultTaskHandle
                0x20000510        0x4 build/freertos.o
                0x20000510                defaultTaskHandle
 .bss.htim1     0x20000514       0x48 build/stm32f1xx_hal_timebase_tim.o
                0x20000514                htim1
 .bss.xQueueRegistry
                0x2000055c       0x40 build/queue.o
                0x2000055c                xQueueRegistry
 .bss.pxCurrentTCB
                0x2000059c        0x4 build/tasks.o
                0x2000059c                pxCurrentTCB
 .bss.pxDelayedTaskList
                0x200005a0        0x4 build/tasks.o
 .bss.pxOverflowDelayedTaskList
                0x200005a4        0x4 build/tasks.o
 .bss.pxReadyTasksLists
                0x200005a8       0x8c build/tasks.o
 .bss.uxCurrentNumberOfTasks
                0x20000634        0x4 build/tasks.o
 .bss.uxDeletedTasksWaitingCleanUp
                0x20000638        0x4 build/tasks.o
 .bss.uxPendedTicks
                0x2000063c        0x4 build/tasks.o
 .bss.uxSchedulerSuspended
                0x20000640        0x4 build/tasks.o
 .bss.uxTaskNumber
                0x20000644        0x4 build/tasks.o
 .bss.uxTopReadyPriority
                0x20000648        0x4 build/tasks.o
 .bss.xDelayedTaskList1
                0x2000064c       0x14 build/tasks.o
 .bss.xDelayedTaskList2
                0x20000660       0x14 build/tasks.o
 .bss.xIdleTaskHandle
                0x20000674        0x4 build/tasks.o
 .bss.xNextTaskUnblockTime
                0x20000678        0x4 build/tasks.o
 .bss.xNumOfOverflows
                0x2000067c        0x4 build/tasks.o
 .bss.xPendingReadyList
                0x20000680       0x14 build/tasks.o
 .bss.xSchedulerRunning
                0x20000694        0x4 build/tasks.o
 .bss.xSuspendedTaskList
                0x20000698       0x14 build/tasks.o
 .bss.xTasksWaitingTermination
                0x200006ac       0x14 build/tasks.o
 .bss.xTickCount
                0x200006c0        0x4 build/tasks.o
 .bss.xYieldPending
                0x200006c4        0x4 build/tasks.o
 .bss.pxCurrentTimerList
                0x200006c8        0x4 build/timers.o
 .bss.pxOverflowTimerList
                0x200006cc        0x4 build/timers.o
 .bss.xActiveTimerList1
                0x200006d0       0x14 build/timers.o
 .bss.xActiveTimerList2
                0x200006e4       0x14 build/timers.o
 .bss.xLastTime.0
                0x200006f8        0x4 build/timers.o
 .bss.xTimerQueue
                0x200006fc        0x4 build/timers.o
 .bss.xTimerTaskHandle
                0x20000700        0x4 build/timers.o
 .bss.pxEnd     0x20000704        0x4 build/heap_4.o
 .bss.ucHeap    0x20000708     0x1388 build/heap_4.o
 .bss.xBlockAllocatedBit
                0x20001a90        0x4 build/heap_4.o
 .bss.xFreeBytesRemaining
                0x20001a94        0x4 build/heap_4.o
 .bss.xMinimumEverFreeBytesRemaining
                0x20001a98        0x4 build/heap_4.o
 .bss.xStart    0x20001a9c        0x8 build/heap_4.o
 .bss.ucMaxSysCallPriority
                0x20001aa4        0x1 build/port.o
 *fill*         0x20001aa5        0x3 
 .bss.ulMaxPRIGROUPValue
                0x20001aa8        0x4 build/port.o
 *(COMMON)
                0x20001aac                . = ALIGN (0x4)
                0x20001aac                _ebss = .
                0x20001aac                __bss_end__ = _ebss

._user_heap_stack
                0x20001aac      0xa04 load address 0x08003c70
                0x20001ab0                . = ALIGN (0x8)
 *fill*         0x20001aac        0x4 
                [!provide]                PROVIDE (end = .)
                0x20001ab0                PROVIDE (_end = .)
                0x200020b0                . = (. + _Min_Heap_Size)
 *fill*         0x20001ab0      0x600 
                0x200024b0                . = (. + _Min_Stack_Size)
 *fill*         0x200020b0      0x400 
                0x200024b0                . = ALIGN (0x8)

/DISCARD/
 libc.a(*)
 libm.a(*)
 libgcc.a(*)

.ARM.attributes
                0x00000000       0x29
 *(.ARM.attributes)
 .ARM.attributes
                0x00000000       0x1d c:/program files (x86)/gnu arm embedded toolchain/10 2021.10/bin/../lib/gcc/arm-none-eabi/10.3.1/thumb/v7-m/nofp/crti.o
 .ARM.attributes
                0x0000001d       0x2d c:/program files (x86)/gnu arm embedded toolchain/10 2021.10/bin/../lib/gcc/arm-none-eabi/10.3.1/thumb/v7-m/nofp/crtbegin.o
 .ARM.attributes
                0x0000004a       0x2d build/main.o
 .ARM.attributes
                0x00000077       0x2d build/gpio.o
 .ARM.attributes
                0x000000a4       0x2d build/stm32f1xx_it.o
 .ARM.attributes
                0x000000d1       0x2d build/stm32f1xx_hal_msp.o
 .ARM.attributes
                0x000000fe       0x2d build/can.o
 .ARM.attributes
                0x0000012b       0x2d build/canif.o
 .ARM.attributes
                0x00000158       0x2d build/cantp.o
 .ARM.attributes
                0x00000185       0x2d build/stm32f1xx_hal_can.o
 .ARM.attributes
                0x000001b2       0x2d build/stm32f1xx_hal.o
 .ARM.attributes
                0x000001df       0x2d build/stm32f1xx_hal_rcc.o
 .ARM.attributes
                0x0000020c       0x2d build/stm32f1xx_hal_gpio.o
 .ARM.attributes
                0x00000239       0x2d build/stm32f1xx_hal_cortex.o
 .ARM.attributes
                0x00000266       0x2d build/stm32f1xx_hal_tim.o
 .ARM.attributes
                0x00000293       0x2d build/stm32f1xx_hal_tim_ex.o
 .ARM.attributes
                0x000002c0       0x2d build/system_stm32f1xx.o
 .ARM.attributes
                0x000002ed       0x2d build/freertos.o
 .ARM.attributes
                0x0000031a       0x2d build/stm32f1xx_hal_timebase_tim.o
 .ARM.attributes
                0x00000347       0x2d build/list.o
 .ARM.attributes
                0x00000374       0x2d build/queue.o
 .ARM.attributes
                0x000003a1       0x2d build/tasks.o
 .ARM.attributes
                0x000003ce       0x2d build/timers.o
 .ARM.attributes
                0x000003fb       0x2d build/cmsis_os.o
 .ARM.attributes
                0x00000428       0x2d build/heap_4.o
 .ARM.attributes
                0x00000455       0x2d build/port.o
 .ARM.attributes
                0x00000482       0x21 build/startup_stm32f103x6.o
 .ARM.attributes
                0x000004a3       0x2d c:/program files (x86)/gnu arm embedded toolchain/10 2021.10/bin/../lib/gcc/arm-none-eabi/10.3.1/../../../../arm-none-eabi/lib/thumb/v7-m/nofp\libc_nano.a(lib_a-init.o)
 .ARM.attributes
                0x000004d0       0x2d c:/program files (x86)/gnu arm embedded toolchain/10 2021.10/bin/../lib/gcc/arm-none-eabi/10.3.1/../../../../arm-none-eabi/lib/thumb/v7-m/nofp\libc_nano.a(lib_a-memcpy-stub.o)
 .ARM.attributes
                0x000004fd       0x2d c:/program files (x86)/gnu arm embedded toolchain/10 2021.10/bin/../lib/gcc/arm-none-eabi/10.3.1/../../../../arm-none-eabi/lib/thumb/v7-m/nofp\libc_nano.a(lib_a-memset.o)
 .ARM.attributes
                0x0000052a       0x1d c:/program files (x86)/gnu arm embedded toolchain/10 2021.10/bin/../lib/gcc/arm-none-eabi/10.3.1/thumb/v7-m/nofp/crtn.o
OUTPUT(build/CAN.elf elf32-littlearm)
LOAD linker stubs
LOAD c:/program files (x86)/gnu arm embedded toolchain/10 2021.10/bin/../lib/gcc/arm-none-eabi/10.3.1/../../../../arm-none-eabi/lib/thumb/v7-m/nofp\libc.a
LOAD c:/program files (x86)/gnu arm embedded toolchain/10 2021.10/bin/../lib/gcc/arm-none-eabi/10.3.1/../../../../arm-none-eabi/lib/thumb/v7-m/nofp\libm.a
LOAD c:/program files (x86)/gnu arm embedded toolchain/10 2021.10/bin/../lib/gcc/arm-none-eabi/10.3.1/thumb/v7-m/nofp\libgcc.a

.debug_info     0x00000000    0x1783a
 .debug_info    0x00000000      0xa6c build/main.o
 .debug_info    0x00000a6c      0x32c build/gpio.o
 .debug_info    0x00000d98      0xbe0 build/stm32f1xx_it.o
 .debug_info    0x00001978      0x392 build/stm32f1xx_hal_msp.o
 .debug_info    0x00001d0a      0xe89 build/can.o
 .debug_info    0x00002b93      0xac4 build/canif.o
 .debug_info    0x00003657      0xa77 build/cantp.o
 .debug_info    0x000040ce     0x1385 build/stm32f1xx_hal_can.o
 .debug_info    0x00005453      0x837 build/stm32f1xx_hal.o
 .debug_info    0x00005c8a      0xaec build/stm32f1xx_hal_rcc.o
 .debug_info    0x00006776      0x6d7 build/stm32f1xx_hal_gpio.o
 .debug_info    0x00006e4d      0xe0f build/stm32f1xx_hal_cortex.o
 .debug_info    0x00007c5c     0x3df8 build/stm32f1xx_hal_tim.o
 .debug_info    0x0000ba54     0x1b67 build/stm32f1xx_hal_tim_ex.o
 .debug_info    0x0000d5bb      0x26e build/system_stm32f1xx.o
 .debug_info    0x0000d829      0x406 build/freertos.o
 .debug_info    0x0000dc2f      0xaa6 build/stm32f1xx_hal_timebase_tim.o
 .debug_info    0x0000e6d5      0x309 build/list.o
 .debug_info    0x0000e9de     0x2304 build/queue.o
 .debug_info    0x00010ce2     0x2d12 build/tasks.o
 .debug_info    0x000139f4     0x12d1 build/timers.o
 .debug_info    0x00014cc5     0x214f build/cmsis_os.o
 .debug_info    0x00016e14      0x49b build/heap_4.o
 .debug_info    0x000172af      0x569 build/port.o
 .debug_info    0x00017818       0x22 build/startup_stm32f103x6.o

.debug_abbrev   0x00000000     0x37ca
 .debug_abbrev  0x00000000      0x21e build/main.o
 .debug_abbrev  0x0000021e      0x13f build/gpio.o
 .debug_abbrev  0x0000035d      0x19c build/stm32f1xx_it.o
 .debug_abbrev  0x000004f9      0x130 build/stm32f1xx_hal_msp.o
 .debug_abbrev  0x00000629      0x2ac build/can.o
 .debug_abbrev  0x000008d5      0x283 build/canif.o
 .debug_abbrev  0x00000b58      0x2c0 build/cantp.o
 .debug_abbrev  0x00000e18      0x260 build/stm32f1xx_hal_can.o
 .debug_abbrev  0x00001078      0x1f7 build/stm32f1xx_hal.o
 .debug_abbrev  0x0000126f      0x29a build/stm32f1xx_hal_rcc.o
 .debug_abbrev  0x00001509      0x222 build/stm32f1xx_hal_gpio.o
 .debug_abbrev  0x0000172b      0x359 build/stm32f1xx_hal_cortex.o
 .debug_abbrev  0x00001a84      0x296 build/stm32f1xx_hal_tim.o
 .debug_abbrev  0x00001d1a      0x298 build/stm32f1xx_hal_tim_ex.o
 .debug_abbrev  0x00001fb2      0x140 build/system_stm32f1xx.o
 .debug_abbrev  0x000020f2      0x18b build/freertos.o
 .debug_abbrev  0x0000227d      0x1ef build/stm32f1xx_hal_timebase_tim.o
 .debug_abbrev  0x0000246c      0x124 build/list.o
 .debug_abbrev  0x00002590      0x387 build/queue.o
 .debug_abbrev  0x00002917      0x387 build/tasks.o
 .debug_abbrev  0x00002c9e      0x2c6 build/timers.o
 .debug_abbrev  0x00002f64      0x362 build/cmsis_os.o
 .debug_abbrev  0x000032c6      0x255 build/heap_4.o
 .debug_abbrev  0x0000351b      0x29d build/port.o
 .debug_abbrev  0x000037b8       0x12 build/startup_stm32f103x6.o

.debug_loc      0x00000000    0x11e5b
 .debug_loc     0x00000000      0x10d build/main.o
 .debug_loc     0x0000010d       0x38 build/gpio.o
 .debug_loc     0x00000145       0x60 build/stm32f1xx_it.o
 .debug_loc     0x000001a5       0x4d build/stm32f1xx_hal_msp.o
 .debug_loc     0x000001f2      0x22e build/can.o
 .debug_loc     0x00000420      0x23d build/canif.o
 .debug_loc     0x0000065d      0x77e build/cantp.o
 .debug_loc     0x00000ddb      0xf1e build/stm32f1xx_hal_can.o
 .debug_loc     0x00001cf9      0x1e1 build/stm32f1xx_hal.o
 .debug_loc     0x00001eda      0x7ee build/stm32f1xx_hal_rcc.o
 .debug_loc     0x000026c8      0x511 build/stm32f1xx_hal_gpio.o
 .debug_loc     0x00002bd9      0x77f build/stm32f1xx_hal_cortex.o
 .debug_loc     0x00003358     0x530c build/stm32f1xx_hal_tim.o
 .debug_loc     0x00008664     0x1f3e build/stm32f1xx_hal_tim_ex.o
 .debug_loc     0x0000a5a2       0xff build/system_stm32f1xx.o
 .debug_loc     0x0000a6a1      0x14d build/freertos.o
 .debug_loc     0x0000a7ee       0xcd build/stm32f1xx_hal_timebase_tim.o
 .debug_loc     0x0000a8bb       0xe5 build/list.o
 .debug_loc     0x0000a9a0     0x1afe build/queue.o
 .debug_loc     0x0000c49e     0x290d build/tasks.o
 .debug_loc     0x0000edab      0xf2b build/timers.o
 .debug_loc     0x0000fcd6     0x1c58 build/cmsis_os.o
 .debug_loc     0x0001192e      0x3c1 build/heap_4.o
 .debug_loc     0x00011cef      0x16c build/port.o

.debug_aranges  0x00000000     0x1238
 .debug_aranges
                0x00000000       0x38 build/main.o
 .debug_aranges
                0x00000038       0x20 build/gpio.o
 .debug_aranges
                0x00000058       0x60 build/stm32f1xx_it.o
 .debug_aranges
                0x000000b8       0x20 build/stm32f1xx_hal_msp.o
 .debug_aranges
                0x000000d8       0x58 build/can.o
 .debug_aranges
                0x00000130       0x38 build/canif.o
 .debug_aranges
                0x00000168       0x90 build/cantp.o
 .debug_aranges
                0x000001f8      0x138 build/stm32f1xx_hal_can.o
 .debug_aranges
                0x00000330       0xe0 build/stm32f1xx_hal.o
 .debug_aranges
                0x00000410       0x90 build/stm32f1xx_hal_rcc.o
 .debug_aranges
                0x000004a0       0x58 build/stm32f1xx_hal_gpio.o
 .debug_aranges
                0x000004f8       0x90 build/stm32f1xx_hal_cortex.o
 .debug_aranges
                0x00000588      0x3d0 build/stm32f1xx_hal_tim.o
 .debug_aranges
                0x00000958      0x168 build/stm32f1xx_hal_tim_ex.o
 .debug_aranges
                0x00000ac0       0x28 build/system_stm32f1xx.o
 .debug_aranges
                0x00000ae8       0x40 build/freertos.o
 .debug_aranges
                0x00000b28       0x30 build/stm32f1xx_hal_timebase_tim.o
 .debug_aranges
                0x00000b58       0x40 build/list.o
 .debug_aranges
                0x00000b98      0x130 build/queue.o
 .debug_aranges
                0x00000cc8      0x1e0 build/tasks.o
 .debug_aranges
                0x00000ea8       0xc8 build/timers.o
 .debug_aranges
                0x00000f70      0x1d8 build/cmsis_os.o
 .debug_aranges
                0x00001148       0x50 build/heap_4.o
 .debug_aranges
                0x00001198       0x78 build/port.o
 .debug_aranges
                0x00001210       0x28 build/startup_stm32f103x6.o

.debug_ranges   0x00000000     0x1330
 .debug_ranges  0x00000000       0x40 build/main.o
 .debug_ranges  0x00000040       0x10 build/gpio.o
 .debug_ranges  0x00000050       0x50 build/stm32f1xx_it.o
 .debug_ranges  0x000000a0       0x10 build/stm32f1xx_hal_msp.o
 .debug_ranges  0x000000b0       0x48 build/can.o
 .debug_ranges  0x000000f8       0x58 build/canif.o
 .debug_ranges  0x00000150       0x98 build/cantp.o
 .debug_ranges  0x000001e8      0x128 build/stm32f1xx_hal_can.o
 .debug_ranges  0x00000310       0xd0 build/stm32f1xx_hal.o
 .debug_ranges  0x000003e0       0xa0 build/stm32f1xx_hal_rcc.o
 .debug_ranges  0x00000480       0x48 build/stm32f1xx_hal_gpio.o
 .debug_ranges  0x000004c8       0xe0 build/stm32f1xx_hal_cortex.o
 .debug_ranges  0x000005a8      0x3c0 build/stm32f1xx_hal_tim.o
 .debug_ranges  0x00000968      0x158 build/stm32f1xx_hal_tim_ex.o
 .debug_ranges  0x00000ac0       0x18 build/system_stm32f1xx.o
 .debug_ranges  0x00000ad8       0x30 build/freertos.o
 .debug_ranges  0x00000b08       0x20 build/stm32f1xx_hal_timebase_tim.o
 .debug_ranges  0x00000b28       0x30 build/list.o
 .debug_ranges  0x00000b58      0x1d8 build/queue.o
 .debug_ranges  0x00000d30      0x2b8 build/tasks.o
 .debug_ranges  0x00000fe8       0xb8 build/timers.o
 .debug_ranges  0x000010a0      0x1c8 build/cmsis_os.o
 .debug_ranges  0x00001268       0x40 build/heap_4.o
 .debug_ranges  0x000012a8       0x68 build/port.o
 .debug_ranges  0x00001310       0x20 build/startup_stm32f103x6.o

.debug_line     0x00000000    0x124e3
 .debug_line    0x00000000      0x3c4 build/main.o
 .debug_line    0x000003c4      0x1c5 build/gpio.o
 .debug_line    0x00000589      0x2d2 build/stm32f1xx_it.o
 .debug_line    0x0000085b      0x1ac build/stm32f1xx_hal_msp.o
 .debug_line    0x00000a07      0x4d1 build/can.o
 .debug_line    0x00000ed8      0x3a3 build/canif.o
 .debug_line    0x0000127b      0x929 build/cantp.o
 .debug_line    0x00001ba4     0x10ef build/stm32f1xx_hal_can.o
 .debug_line    0x00002c93      0x526 build/stm32f1xx_hal.o
 .debug_line    0x000031b9      0xc24 build/stm32f1xx_hal_rcc.o
 .debug_line    0x00003ddd      0x5c4 build/stm32f1xx_hal_gpio.o
 .debug_line    0x000043a1      0x631 build/stm32f1xx_hal_cortex.o
 .debug_line    0x000049d2     0x460b build/stm32f1xx_hal_tim.o
 .debug_line    0x00008fdd     0x1b24 build/stm32f1xx_hal_tim_ex.o
 .debug_line    0x0000ab01      0x239 build/system_stm32f1xx.o
 .debug_line    0x0000ad3a      0x284 build/freertos.o
 .debug_line    0x0000afbe      0x291 build/stm32f1xx_hal_timebase_tim.o
 .debug_line    0x0000b24f      0x36c build/list.o
 .debug_line    0x0000b5bb     0x1ce7 build/queue.o
 .debug_line    0x0000d2a2     0x278d build/tasks.o
 .debug_line    0x0000fa2f      0xb69 build/timers.o
 .debug_line    0x00010598     0x124c build/cmsis_os.o
 .debug_line    0x000117e4      0x672 build/heap_4.o
 .debug_line    0x00011e56      0x618 build/port.o
 .debug_line    0x0001246e       0x75 build/startup_stm32f103x6.o

.debug_str      0x00000000     0x5de2
 .debug_str     0x00000000      0x7a2 build/main.o
                                0x87a (size before relaxing)
 .debug_str     0x000007a2       0xdb build/gpio.o
                                0x258 (size before relaxing)
 .debug_str     0x0000087d      0x341 build/stm32f1xx_it.o
                                0x973 (size before relaxing)
 .debug_str     0x00000bbe      0x2f8 build/stm32f1xx_hal_msp.o
                                0x4aa (size before relaxing)
 .debug_str     0x00000eb6      0x246 build/can.o
                                0xa38 (size before relaxing)
 .debug_str     0x000010fc      0x194 build/canif.o
                                0x6b2 (size before relaxing)
 .debug_str     0x00001290      0x3f9 build/cantp.o
                                0x61e (size before relaxing)
 .debug_str     0x00001689      0x3c1 build/stm32f1xx_hal_can.o
                                0xa1e (size before relaxing)
 .debug_str     0x00001a4a      0x2f3 build/stm32f1xx_hal.o
                                0x7ca (size before relaxing)
 .debug_str     0x00001d3d      0x1fe build/stm32f1xx_hal_rcc.o
                                0x60b (size before relaxing)
 .debug_str     0x00001f3b      0x104 build/stm32f1xx_hal_gpio.o
                                0x3e0 (size before relaxing)
 .debug_str     0x0000203f      0x360 build/stm32f1xx_hal_cortex.o
                                0x879 (size before relaxing)
 .debug_str     0x0000239f      0xef9 build/stm32f1xx_hal_tim.o
                               0x1618 (size before relaxing)
 .debug_str     0x00003298      0x591 build/stm32f1xx_hal_tim_ex.o
                                0xe19 (size before relaxing)
 .debug_str     0x00003829       0x4a build/system_stm32f1xx.o
                                0x22f (size before relaxing)
 .debug_str     0x00003873      0x1f2 build/freertos.o
                                0x39e (size before relaxing)
 .debug_str     0x00003a65       0x47 build/stm32f1xx_hal_timebase_tim.o
                                0xa91 (size before relaxing)
 .debug_str     0x00003aac      0x163 build/list.o
                                0x2d5 (size before relaxing)
 .debug_str     0x00003c0f      0x837 build/queue.o
                                0xacb (size before relaxing)
 .debug_str     0x00004446      0xb21 build/tasks.o
                               0x10bf (size before relaxing)
 .debug_str     0x00004f67      0x454 build/timers.o
                                0x899 (size before relaxing)
 .debug_str     0x000053bb      0x6c1 build/cmsis_os.o
                                0xe18 (size before relaxing)
 .debug_str     0x00005a7c      0x1d5 build/heap_4.o
                                0x3be (size before relaxing)
 .debug_str     0x00005c51      0x16d build/port.o
                                0x441 (size before relaxing)
 .debug_str     0x00005dbe       0x24 build/startup_stm32f103x6.o
                                 0x53 (size before relaxing)

.comment        0x00000000       0x49
 .comment       0x00000000       0x49 build/main.o
                                 0x4a (size before relaxing)
 .comment       0x00000049       0x4a build/gpio.o
 .comment       0x00000049       0x4a build/stm32f1xx_it.o
 .comment       0x00000049       0x4a build/stm32f1xx_hal_msp.o
 .comment       0x00000049       0x4a build/can.o
 .comment       0x00000049       0x4a build/canif.o
 .comment       0x00000049       0x4a build/cantp.o
 .comment       0x00000049       0x4a build/stm32f1xx_hal_can.o
 .comment       0x00000049       0x4a build/stm32f1xx_hal.o
 .comment       0x00000049       0x4a build/stm32f1xx_hal_rcc.o
 .comment       0x00000049       0x4a build/stm32f1xx_hal_gpio.o
 .comment       0x00000049       0x4a build/stm32f1xx_hal_cortex.o
 .comment       0x00000049       0x4a build/stm32f1xx_hal_tim.o
 .comment       0x00000049       0x4a build/stm32f1xx_hal_tim_ex.o
 .comment       0x00000049       0x4a build/system_stm32f1xx.o
 .comment       0x00000049       0x4a build/freertos.o
 .comment       0x00000049       0x4a build/stm32f1xx_hal_timebase_tim.o
 .comment       0x00000049       0x4a build/list.o
 .comment       0x00000049       0x4a build/queue.o
 .comment       0x00000049       0x4a build/tasks.o
 .comment       0x00000049       0x4a build/timers.o
 .comment       0x00000049       0x4a build/cmsis_os.o
 .comment       0x00000049       0x4a build/heap_4.o
 .comment       0x00000049       0x4a build/port.o

.debug_frame    0x00000000     0x312c
 .debug_frame   0x00000000       0x70 build/main.o
 .debug_frame   0x00000070       0x30 build/gpio.o
 .debug_frame   0x000000a0       0xb8 build/stm32f1xx_it.o
 .debug_frame   0x00000158       0x2c build/stm32f1xx_hal_msp.o
 .debug_frame   0x00000184       0xe0 build/can.o
 .debug_frame   0x00000264       0x74 build/canif.o
 .debug_frame   0x000002d8      0x164 build/cantp.o
 .debug_frame   0x0000043c      0x2d0 build/stm32f1xx_hal_can.o
 .debug_frame   0x0000070c      0x1cc build/stm32f1xx_hal.o
 .debug_frame   0x000008d8      0x190 build/stm32f1xx_hal_rcc.o
 .debug_frame   0x00000a68       0xe4 build/stm32f1xx_hal_gpio.o
 .debug_frame   0x00000b4c      0x118 build/stm32f1xx_hal_cortex.o
 .debug_frame   0x00000c64      0xb18 build/stm32f1xx_hal_tim.o
 .debug_frame   0x0000177c      0x40c build/stm32f1xx_hal_tim_ex.o
 .debug_frame   0x00001b88       0x30 build/system_stm32f1xx.o
 .debug_frame   0x00001bb8       0x90 build/freertos.o
 .debug_frame   0x00001c48       0x50 build/stm32f1xx_hal_timebase_tim.o
 .debug_frame   0x00001c98       0x70 build/list.o
 .debug_frame   0x00001d08      0x3c8 build/queue.o
 .debug_frame   0x000020d0      0x610 build/tasks.o
 .debug_frame   0x000026e0      0x254 build/timers.o
 .debug_frame   0x00002934      0x5e4 build/cmsis_os.o
 .debug_frame   0x00002f18       0xb0 build/heap_4.o
 .debug_frame   0x00002fc8       0xf0 build/port.o
 .debug_frame   0x000030b8       0x2c c:/program files (x86)/gnu arm embedded toolchain/10 2021.10/bin/../lib/gcc/arm-none-eabi/10.3.1/../../../../arm-none-eabi/lib/thumb/v7-m/nofp\libc_nano.a(lib_a-init.o)
 .debug_frame   0x000030e4       0x28 c:/program files (x86)/gnu arm embedded toolchain/10 2021.10/bin/../lib/gcc/arm-none-eabi/10.3.1/../../../../arm-none-eabi/lib/thumb/v7-m/nofp\libc_nano.a(lib_a-memcpy-stub.o)
 .debug_frame   0x0000310c       0x20 c:/program files (x86)/gnu arm embedded toolchain/10 2021.10/bin/../lib/gcc/arm-none-eabi/10.3.1/../../../../arm-none-eabi/lib/thumb/v7-m/nofp\libc_nano.a(lib_a-memset.o)

Cross Reference Table

Symbol                                            File
ADC1_2_IRQHandler                                 build/startup_stm32f103x6.o
AHBPrescTable                                     build/system_stm32f1xx.o
                                                  build/stm32f1xx_hal_rcc.o
APBPrescTable                                     build/system_stm32f1xx.o
                                                  build/stm32f1xx_hal_rcc.o
App_Callback                                      build/cantp.o
BusFault_Handler                                  build/stm32f1xx_it.o
CAN1_RX1_IRQHandler                               build/stm32f1xx_it.o
CAN1_SCE_IRQHandler                               build/startup_stm32f103x6.o
CANIFRXTaskHandle                                 build/freertos.o
CANTPMFHandle                                     build/freertos.o
CAN_Config                                        build/can.o
CAN_Filter_Config                                 build/can.o
CAN_Init                                          build/can.o
                                                  build/main.o
CAN_SetTxPacket                                   build/can.o
                                                  build/main.o
CAN_Transmit                                      build/can.o
CanIfPduInfo                                      build/canif.o
CanIf_Receive                                     build/canif.o
                                                  build/freertos.o
CanIf_Rx                                          build/can.o
                                                  build/canif.o
CanIf_Transmit                                    build/canif.o
                                                  build/cantp.o
CanIf_setCallback                                 build/canif.o
                                                  build/cantp.o
                                                  build/can.o
CanTp_Callback                                    build/canif.o
CanTp_ConnectData                                 build/cantp.o
CanTp_GetFrameType                                build/cantp.o
CanTp_Init                                        build/cantp.o
CanTp_MainFunction                                build/cantp.o
                                                  build/freertos.o
CanTp_Rx                                          build/cantp.o
CanTp_RxIndication                                build/cantp.o
                                                  build/can.o
CanTp_Transmit                                    build/cantp.o
CanTp_Tx                                          build/cantp.o
CanTp_decodeConsecutiveFrame                      build/cantp.o
CanTp_decodeFirstFrame                            build/cantp.o
CanTp_decodeFlowControlFrame                      build/cantp.o
CanTp_decodeSingleFrame                           build/cantp.o
CanTp_encodeConsecutiveFrame                      build/cantp.o
CanTp_encodeFirstFrame                            build/cantp.o
CanTp_encodeFlowControlFrame                      build/cantp.o
CanTp_encodeSingleFrame                           build/cantp.o
CanTp_setCallback                                 build/cantp.o
CompletePduInfo                                   build/cantp.o
ConsecSN                                          build/cantp.o
DMA1_Channel1_IRQHandler                          build/startup_stm32f103x6.o
DMA1_Channel2_IRQHandler                          build/startup_stm32f103x6.o
DMA1_Channel3_IRQHandler                          build/startup_stm32f103x6.o
DMA1_Channel4_IRQHandler                          build/startup_stm32f103x6.o
DMA1_Channel5_IRQHandler                          build/startup_stm32f103x6.o
DMA1_Channel6_IRQHandler                          build/startup_stm32f103x6.o
DMA1_Channel7_IRQHandler                          build/startup_stm32f103x6.o
DebugMon_Handler                                  build/stm32f1xx_it.o
DecodedPduInfo                                    build/cantp.o
Default_Handler                                   build/startup_stm32f103x6.o
EXTI0_IRQHandler                                  build/startup_stm32f103x6.o
EXTI15_10_IRQHandler                              build/startup_stm32f103x6.o
EXTI1_IRQHandler                                  build/startup_stm32f103x6.o
EXTI2_IRQHandler                                  build/startup_stm32f103x6.o
EXTI3_IRQHandler                                  build/startup_stm32f103x6.o
EXTI4_IRQHandler                                  build/startup_stm32f103x6.o
EXTI9_5_IRQHandler                                build/startup_stm32f103x6.o
EncodedPduInfo                                    build/cantp.o
Error_Handler                                     build/main.o
                                                  build/canif.o
                                                  build/can.o
FLASH_IRQHandler                                  build/startup_stm32f103x6.o
FLASH_PageErase                                   build/stm32f1xx_hal_flash_ex.o
                                                  build/stm32f1xx_hal_flash.o
FLASH_WaitForLastOperation                        build/stm32f1xx_hal_flash.o
                                                  build/stm32f1xx_hal_flash_ex.o
GlobalRxPduId                                     build/cantp.o
GlobalRxPduInfoPtr                                build/cantp.o
GlobalTxPduId                                     build/cantp.o
GlobalTxPduInfoPtr                                build/cantp.o
HAL_CAN_AbortTxRequest                            build/stm32f1xx_hal_can.o
HAL_CAN_ActivateNotification                      build/stm32f1xx_hal_can.o
                                                  build/can.o
HAL_CAN_AddTxMessage                              build/stm32f1xx_hal_can.o
                                                  build/canif.o
                                                  build/can.o
HAL_CAN_ConfigFilter                              build/stm32f1xx_hal_can.o
                                                  build/can.o
HAL_CAN_DeInit                                    build/stm32f1xx_hal_can.o
HAL_CAN_DeactivateNotification                    build/stm32f1xx_hal_can.o
HAL_CAN_ErrorCallback                             build/stm32f1xx_hal_can.o
HAL_CAN_GetError                                  build/stm32f1xx_hal_can.o
HAL_CAN_GetRxFifoFillLevel                        build/stm32f1xx_hal_can.o
HAL_CAN_GetRxMessage                              build/stm32f1xx_hal_can.o
                                                  build/canif.o
HAL_CAN_GetState                                  build/stm32f1xx_hal_can.o
HAL_CAN_GetTxMailboxesFreeLevel                   build/stm32f1xx_hal_can.o
                                                  build/canif.o
HAL_CAN_GetTxTimestamp                            build/stm32f1xx_hal_can.o
HAL_CAN_IRQHandler                                build/stm32f1xx_hal_can.o
                                                  build/stm32f1xx_it.o
HAL_CAN_Init                                      build/stm32f1xx_hal_can.o
                                                  build/can.o
HAL_CAN_IsSleepActive                             build/stm32f1xx_hal_can.o
HAL_CAN_IsTxMessagePending                        build/stm32f1xx_hal_can.o
HAL_CAN_MspDeInit                                 build/can.o
HAL_CAN_MspInit                                   build/can.o
HAL_CAN_RequestSleep                              build/stm32f1xx_hal_can.o
HAL_CAN_ResetError                                build/stm32f1xx_hal_can.o
HAL_CAN_RxFifo0FullCallback                       build/stm32f1xx_hal_can.o
HAL_CAN_RxFifo0MsgPendingCallback                 build/canif.o
HAL_CAN_RxFifo1FullCallback                       build/stm32f1xx_hal_can.o
HAL_CAN_RxFifo1MsgPendingCallback                 build/stm32f1xx_hal_can.o
HAL_CAN_SleepCallback                             build/stm32f1xx_hal_can.o
HAL_CAN_Start                                     build/stm32f1xx_hal_can.o
                                                  build/can.o
HAL_CAN_Stop                                      build/stm32f1xx_hal_can.o
HAL_CAN_TxMailbox0AbortCallback                   build/stm32f1xx_hal_can.o
HAL_CAN_TxMailbox0CompleteCallback                build/stm32f1xx_hal_can.o
HAL_CAN_TxMailbox1AbortCallback                   build/stm32f1xx_hal_can.o
HAL_CAN_TxMailbox1CompleteCallback                build/stm32f1xx_hal_can.o
HAL_CAN_TxMailbox2AbortCallback                   build/stm32f1xx_hal_can.o
HAL_CAN_TxMailbox2CompleteCallback                build/stm32f1xx_hal_can.o
HAL_CAN_WakeUp                                    build/stm32f1xx_hal_can.o
HAL_CAN_WakeUpFromRxMsgCallback                   build/stm32f1xx_hal_can.o
HAL_DBGMCU_DisableDBGSleepMode                    build/stm32f1xx_hal.o
HAL_DBGMCU_DisableDBGStandbyMode                  build/stm32f1xx_hal.o
HAL_DBGMCU_DisableDBGStopMode                     build/stm32f1xx_hal.o
HAL_DBGMCU_EnableDBGSleepMode                     build/stm32f1xx_hal.o
HAL_DBGMCU_EnableDBGStandbyMode                   build/stm32f1xx_hal.o
HAL_DBGMCU_EnableDBGStopMode                      build/stm32f1xx_hal.o
HAL_DMA_Abort                                     build/stm32f1xx_hal_dma.o
HAL_DMA_Abort_IT                                  build/stm32f1xx_hal_dma.o
                                                  build/stm32f1xx_hal_tim_ex.o
                                                  build/stm32f1xx_hal_tim.o
HAL_DMA_DeInit                                    build/stm32f1xx_hal_dma.o
HAL_DMA_GetError                                  build/stm32f1xx_hal_dma.o
HAL_DMA_GetState                                  build/stm32f1xx_hal_dma.o
HAL_DMA_IRQHandler                                build/stm32f1xx_hal_dma.o
HAL_DMA_Init                                      build/stm32f1xx_hal_dma.o
HAL_DMA_PollForTransfer                           build/stm32f1xx_hal_dma.o
HAL_DMA_RegisterCallback                          build/stm32f1xx_hal_dma.o
HAL_DMA_Start                                     build/stm32f1xx_hal_dma.o
HAL_DMA_Start_IT                                  build/stm32f1xx_hal_dma.o
                                                  build/stm32f1xx_hal_tim_ex.o
                                                  build/stm32f1xx_hal_tim.o
HAL_DMA_UnRegisterCallback                        build/stm32f1xx_hal_dma.o
HAL_DeInit                                        build/stm32f1xx_hal.o
HAL_Delay                                         build/stm32f1xx_hal.o
HAL_EXTI_ClearConfigLine                          build/stm32f1xx_hal_exti.o
HAL_EXTI_ClearPending                             build/stm32f1xx_hal_exti.o
HAL_EXTI_GenerateSWI                              build/stm32f1xx_hal_exti.o
HAL_EXTI_GetConfigLine                            build/stm32f1xx_hal_exti.o
HAL_EXTI_GetHandle                                build/stm32f1xx_hal_exti.o
HAL_EXTI_GetPending                               build/stm32f1xx_hal_exti.o
HAL_EXTI_IRQHandler                               build/stm32f1xx_hal_exti.o
HAL_EXTI_RegisterCallback                         build/stm32f1xx_hal_exti.o
HAL_EXTI_SetConfigLine                            build/stm32f1xx_hal_exti.o
HAL_FLASHEx_Erase                                 build/stm32f1xx_hal_flash_ex.o
HAL_FLASHEx_Erase_IT                              build/stm32f1xx_hal_flash_ex.o
HAL_FLASHEx_OBErase                               build/stm32f1xx_hal_flash_ex.o
HAL_FLASHEx_OBGetConfig                           build/stm32f1xx_hal_flash_ex.o
HAL_FLASHEx_OBGetUserData                         build/stm32f1xx_hal_flash_ex.o
HAL_FLASHEx_OBProgram                             build/stm32f1xx_hal_flash_ex.o
HAL_FLASH_EndOfOperationCallback                  build/stm32f1xx_hal_flash.o
HAL_FLASH_GetError                                build/stm32f1xx_hal_flash.o
HAL_FLASH_IRQHandler                              build/stm32f1xx_hal_flash.o
HAL_FLASH_Lock                                    build/stm32f1xx_hal_flash.o
HAL_FLASH_OB_Launch                               build/stm32f1xx_hal_flash.o
HAL_FLASH_OB_Lock                                 build/stm32f1xx_hal_flash.o
HAL_FLASH_OB_Unlock                               build/stm32f1xx_hal_flash.o
HAL_FLASH_OperationErrorCallback                  build/stm32f1xx_hal_flash.o
HAL_FLASH_Program                                 build/stm32f1xx_hal_flash.o
HAL_FLASH_Program_IT                              build/stm32f1xx_hal_flash.o
HAL_FLASH_Unlock                                  build/stm32f1xx_hal_flash.o
HAL_GPIOEx_ConfigEventout                         build/stm32f1xx_hal_gpio_ex.o
HAL_GPIOEx_DisableEventout                        build/stm32f1xx_hal_gpio_ex.o
HAL_GPIOEx_EnableEventout                         build/stm32f1xx_hal_gpio_ex.o
HAL_GPIO_DeInit                                   build/stm32f1xx_hal_gpio.o
                                                  build/can.o
HAL_GPIO_EXTI_Callback                            build/stm32f1xx_hal_gpio.o
HAL_GPIO_EXTI_IRQHandler                          build/stm32f1xx_hal_gpio.o
HAL_GPIO_Init                                     build/stm32f1xx_hal_gpio.o
                                                  build/stm32f1xx_hal_rcc.o
                                                  build/can.o
                                                  build/gpio.o
HAL_GPIO_LockPin                                  build/stm32f1xx_hal_gpio.o
HAL_GPIO_ReadPin                                  build/stm32f1xx_hal_gpio.o
HAL_GPIO_TogglePin                                build/stm32f1xx_hal_gpio.o
                                                  build/canif.o
HAL_GPIO_WritePin                                 build/stm32f1xx_hal_gpio.o
                                                  build/gpio.o
HAL_GetDEVID                                      build/stm32f1xx_hal.o
HAL_GetHalVersion                                 build/stm32f1xx_hal.o
HAL_GetREVID                                      build/stm32f1xx_hal.o
HAL_GetTick                                       build/stm32f1xx_hal.o
                                                  build/stm32f1xx_hal_flash.o
                                                  build/stm32f1xx_hal_dma.o
                                                  build/stm32f1xx_hal_rcc_ex.o
                                                  build/stm32f1xx_hal_rcc.o
                                                  build/stm32f1xx_hal_can.o
HAL_GetTickFreq                                   build/stm32f1xx_hal.o
HAL_GetTickPrio                                   build/stm32f1xx_hal.o
HAL_GetUIDw0                                      build/stm32f1xx_hal.o
HAL_GetUIDw1                                      build/stm32f1xx_hal.o
HAL_GetUIDw2                                      build/stm32f1xx_hal.o
HAL_IncTick                                       build/stm32f1xx_hal.o
                                                  build/main.o
HAL_Init                                          build/stm32f1xx_hal.o
                                                  build/main.o
HAL_InitTick                                      build/stm32f1xx_hal_timebase_tim.o
                                                  build/stm32f1xx_hal.o
                                                  build/stm32f1xx_hal_rcc.o
HAL_MspDeInit                                     build/stm32f1xx_hal.o
HAL_MspInit                                       build/stm32f1xx_hal_msp.o
HAL_NVIC_ClearPendingIRQ                          build/stm32f1xx_hal_cortex.o
HAL_NVIC_DisableIRQ                               build/stm32f1xx_hal_cortex.o
                                                  build/can.o
HAL_NVIC_EnableIRQ                                build/stm32f1xx_hal_cortex.o
                                                  build/stm32f1xx_hal_timebase_tim.o
                                                  build/can.o
HAL_NVIC_GetActive                                build/stm32f1xx_hal_cortex.o
HAL_NVIC_GetPendingIRQ                            build/stm32f1xx_hal_cortex.o
HAL_NVIC_GetPriority                              build/stm32f1xx_hal_cortex.o
HAL_NVIC_GetPriorityGrouping                      build/stm32f1xx_hal_cortex.o
HAL_NVIC_SetPendingIRQ                            build/stm32f1xx_hal_cortex.o
HAL_NVIC_SetPriority                              build/stm32f1xx_hal_cortex.o
                                                  build/stm32f1xx_hal_timebase_tim.o
                                                  build/stm32f1xx_hal.o
                                                  build/can.o
                                                  build/stm32f1xx_hal_msp.o
HAL_NVIC_SetPriorityGrouping                      build/stm32f1xx_hal_cortex.o
                                                  build/stm32f1xx_hal.o
HAL_NVIC_SystemReset                              build/stm32f1xx_hal_cortex.o
                                                  build/stm32f1xx_hal_flash.o
HAL_PWR_ConfigPVD                                 build/stm32f1xx_hal_pwr.o
HAL_PWR_DeInit                                    build/stm32f1xx_hal_pwr.o
HAL_PWR_DisableBkUpAccess                         build/stm32f1xx_hal_pwr.o
HAL_PWR_DisablePVD                                build/stm32f1xx_hal_pwr.o
HAL_PWR_DisableSEVOnPend                          build/stm32f1xx_hal_pwr.o
HAL_PWR_DisableSleepOnExit                        build/stm32f1xx_hal_pwr.o
HAL_PWR_DisableWakeUpPin                          build/stm32f1xx_hal_pwr.o
HAL_PWR_EnableBkUpAccess                          build/stm32f1xx_hal_pwr.o
HAL_PWR_EnablePVD                                 build/stm32f1xx_hal_pwr.o
HAL_PWR_EnableSEVOnPend                           build/stm32f1xx_hal_pwr.o
HAL_PWR_EnableSleepOnExit                         build/stm32f1xx_hal_pwr.o
HAL_PWR_EnableWakeUpPin                           build/stm32f1xx_hal_pwr.o
HAL_PWR_EnterSLEEPMode                            build/stm32f1xx_hal_pwr.o
HAL_PWR_EnterSTANDBYMode                          build/stm32f1xx_hal_pwr.o
HAL_PWR_EnterSTOPMode                             build/stm32f1xx_hal_pwr.o
HAL_PWR_PVDCallback                               build/stm32f1xx_hal_pwr.o
HAL_PWR_PVD_IRQHandler                            build/stm32f1xx_hal_pwr.o
HAL_RCCEx_GetPeriphCLKConfig                      build/stm32f1xx_hal_rcc_ex.o
HAL_RCCEx_GetPeriphCLKFreq                        build/stm32f1xx_hal_rcc_ex.o
HAL_RCCEx_PeriphCLKConfig                         build/stm32f1xx_hal_rcc_ex.o
HAL_RCC_CSSCallback                               build/stm32f1xx_hal_rcc.o
HAL_RCC_ClockConfig                               build/stm32f1xx_hal_rcc.o
                                                  build/main.o
HAL_RCC_DeInit                                    build/stm32f1xx_hal_rcc.o
HAL_RCC_DisableCSS                                build/stm32f1xx_hal_rcc.o
HAL_RCC_EnableCSS                                 build/stm32f1xx_hal_rcc.o
HAL_RCC_GetClockConfig                            build/stm32f1xx_hal_rcc.o
                                                  build/stm32f1xx_hal_timebase_tim.o
HAL_RCC_GetHCLKFreq                               build/stm32f1xx_hal_rcc.o
HAL_RCC_GetOscConfig                              build/stm32f1xx_hal_rcc.o
HAL_RCC_GetPCLK1Freq                              build/stm32f1xx_hal_rcc.o
HAL_RCC_GetPCLK2Freq                              build/stm32f1xx_hal_rcc.o
                                                  build/stm32f1xx_hal_timebase_tim.o
                                                  build/stm32f1xx_hal_rcc_ex.o
HAL_RCC_GetSysClockFreq                           build/stm32f1xx_hal_rcc.o
HAL_RCC_MCOConfig                                 build/stm32f1xx_hal_rcc.o
HAL_RCC_NMI_IRQHandler                            build/stm32f1xx_hal_rcc.o
HAL_RCC_OscConfig                                 build/stm32f1xx_hal_rcc.o
                                                  build/main.o
HAL_ResumeTick                                    build/stm32f1xx_hal_timebase_tim.o
                                                  build/stm32f1xx_hal.o
HAL_SYSTICK_CLKSourceConfig                       build/stm32f1xx_hal_cortex.o
HAL_SYSTICK_Callback                              build/stm32f1xx_hal_cortex.o
HAL_SYSTICK_Config                                build/stm32f1xx_hal_cortex.o
                                                  build/stm32f1xx_hal.o
HAL_SYSTICK_IRQHandler                            build/stm32f1xx_hal_cortex.o
HAL_SetTickFreq                                   build/stm32f1xx_hal.o
HAL_SuspendTick                                   build/stm32f1xx_hal_timebase_tim.o
                                                  build/stm32f1xx_hal.o
HAL_TIMEx_BreakCallback                           build/stm32f1xx_hal_tim_ex.o
                                                  build/stm32f1xx_hal_tim.o
HAL_TIMEx_CommutCallback                          build/stm32f1xx_hal_tim_ex.o
                                                  build/stm32f1xx_hal_tim.o
HAL_TIMEx_CommutHalfCpltCallback                  build/stm32f1xx_hal_tim_ex.o
HAL_TIMEx_ConfigBreakDeadTime                     build/stm32f1xx_hal_tim_ex.o
HAL_TIMEx_ConfigCommutEvent                       build/stm32f1xx_hal_tim_ex.o
HAL_TIMEx_ConfigCommutEvent_DMA                   build/stm32f1xx_hal_tim_ex.o
HAL_TIMEx_ConfigCommutEvent_IT                    build/stm32f1xx_hal_tim_ex.o
HAL_TIMEx_GetChannelNState                        build/stm32f1xx_hal_tim_ex.o
HAL_TIMEx_HallSensor_DeInit                       build/stm32f1xx_hal_tim_ex.o
HAL_TIMEx_HallSensor_GetState                     build/stm32f1xx_hal_tim_ex.o
HAL_TIMEx_HallSensor_Init                         build/stm32f1xx_hal_tim_ex.o
HAL_TIMEx_HallSensor_MspDeInit                    build/stm32f1xx_hal_tim_ex.o
HAL_TIMEx_HallSensor_MspInit                      build/stm32f1xx_hal_tim_ex.o
HAL_TIMEx_HallSensor_Start                        build/stm32f1xx_hal_tim_ex.o
HAL_TIMEx_HallSensor_Start_DMA                    build/stm32f1xx_hal_tim_ex.o
HAL_TIMEx_HallSensor_Start_IT                     build/stm32f1xx_hal_tim_ex.o
HAL_TIMEx_HallSensor_Stop                         build/stm32f1xx_hal_tim_ex.o
HAL_TIMEx_HallSensor_Stop_DMA                     build/stm32f1xx_hal_tim_ex.o
HAL_TIMEx_HallSensor_Stop_IT                      build/stm32f1xx_hal_tim_ex.o
HAL_TIMEx_MasterConfigSynchronization             build/stm32f1xx_hal_tim_ex.o
HAL_TIMEx_OCN_Start                               build/stm32f1xx_hal_tim_ex.o
HAL_TIMEx_OCN_Start_DMA                           build/stm32f1xx_hal_tim_ex.o
HAL_TIMEx_OCN_Start_IT                            build/stm32f1xx_hal_tim_ex.o
HAL_TIMEx_OCN_Stop                                build/stm32f1xx_hal_tim_ex.o
HAL_TIMEx_OCN_Stop_DMA                            build/stm32f1xx_hal_tim_ex.o
HAL_TIMEx_OCN_Stop_IT                             build/stm32f1xx_hal_tim_ex.o
HAL_TIMEx_OnePulseN_Start                         build/stm32f1xx_hal_tim_ex.o
HAL_TIMEx_OnePulseN_Start_IT                      build/stm32f1xx_hal_tim_ex.o
HAL_TIMEx_OnePulseN_Stop                          build/stm32f1xx_hal_tim_ex.o
HAL_TIMEx_OnePulseN_Stop_IT                       build/stm32f1xx_hal_tim_ex.o
HAL_TIMEx_PWMN_Start                              build/stm32f1xx_hal_tim_ex.o
HAL_TIMEx_PWMN_Start_DMA                          build/stm32f1xx_hal_tim_ex.o
HAL_TIMEx_PWMN_Start_IT                           build/stm32f1xx_hal_tim_ex.o
HAL_TIMEx_PWMN_Stop                               build/stm32f1xx_hal_tim_ex.o
HAL_TIMEx_PWMN_Stop_DMA                           build/stm32f1xx_hal_tim_ex.o
HAL_TIMEx_PWMN_Stop_IT                            build/stm32f1xx_hal_tim_ex.o
HAL_TIMEx_RemapConfig                             build/stm32f1xx_hal_tim_ex.o
HAL_TIM_Base_DeInit                               build/stm32f1xx_hal_tim.o
HAL_TIM_Base_GetState                             build/stm32f1xx_hal_tim.o
HAL_TIM_Base_Init                                 build/stm32f1xx_hal_tim.o
                                                  build/stm32f1xx_hal_timebase_tim.o
HAL_TIM_Base_MspDeInit                            build/stm32f1xx_hal_tim.o
HAL_TIM_Base_MspInit                              build/stm32f1xx_hal_tim.o
HAL_TIM_Base_Start                                build/stm32f1xx_hal_tim.o
HAL_TIM_Base_Start_DMA                            build/stm32f1xx_hal_tim.o
HAL_TIM_Base_Start_IT                             build/stm32f1xx_hal_tim.o
                                                  build/stm32f1xx_hal_timebase_tim.o
HAL_TIM_Base_Stop                                 build/stm32f1xx_hal_tim.o
HAL_TIM_Base_Stop_DMA                             build/stm32f1xx_hal_tim.o
HAL_TIM_Base_Stop_IT                              build/stm32f1xx_hal_tim.o
HAL_TIM_ConfigClockSource                         build/stm32f1xx_hal_tim.o
HAL_TIM_ConfigOCrefClear                          build/stm32f1xx_hal_tim.o
HAL_TIM_ConfigTI1Input                            build/stm32f1xx_hal_tim.o
HAL_TIM_DMABurstState                             build/stm32f1xx_hal_tim.o
HAL_TIM_DMABurst_MultiReadStart                   build/stm32f1xx_hal_tim.o
HAL_TIM_DMABurst_MultiWriteStart                  build/stm32f1xx_hal_tim.o
HAL_TIM_DMABurst_ReadStart                        build/stm32f1xx_hal_tim.o
HAL_TIM_DMABurst_ReadStop                         build/stm32f1xx_hal_tim.o
HAL_TIM_DMABurst_WriteStart                       build/stm32f1xx_hal_tim.o
HAL_TIM_DMABurst_WriteStop                        build/stm32f1xx_hal_tim.o
HAL_TIM_Encoder_DeInit                            build/stm32f1xx_hal_tim.o
HAL_TIM_Encoder_GetState                          build/stm32f1xx_hal_tim.o
HAL_TIM_Encoder_Init                              build/stm32f1xx_hal_tim.o
HAL_TIM_Encoder_MspDeInit                         build/stm32f1xx_hal_tim.o
HAL_TIM_Encoder_MspInit                           build/stm32f1xx_hal_tim.o
HAL_TIM_Encoder_Start                             build/stm32f1xx_hal_tim.o
HAL_TIM_Encoder_Start_DMA                         build/stm32f1xx_hal_tim.o
HAL_TIM_Encoder_Start_IT                          build/stm32f1xx_hal_tim.o
HAL_TIM_Encoder_Stop                              build/stm32f1xx_hal_tim.o
HAL_TIM_Encoder_Stop_DMA                          build/stm32f1xx_hal_tim.o
HAL_TIM_Encoder_Stop_IT                           build/stm32f1xx_hal_tim.o
HAL_TIM_ErrorCallback                             build/stm32f1xx_hal_tim.o
                                                  build/stm32f1xx_hal_tim_ex.o
HAL_TIM_GenerateEvent                             build/stm32f1xx_hal_tim.o
HAL_TIM_GetActiveChannel                          build/stm32f1xx_hal_tim.o
HAL_TIM_GetChannelState                           build/stm32f1xx_hal_tim.o
HAL_TIM_IC_CaptureCallback                        build/stm32f1xx_hal_tim.o
HAL_TIM_IC_CaptureHalfCpltCallback                build/stm32f1xx_hal_tim.o
HAL_TIM_IC_ConfigChannel                          build/stm32f1xx_hal_tim.o
HAL_TIM_IC_DeInit                                 build/stm32f1xx_hal_tim.o
HAL_TIM_IC_GetState                               build/stm32f1xx_hal_tim.o
HAL_TIM_IC_Init                                   build/stm32f1xx_hal_tim.o
HAL_TIM_IC_MspDeInit                              build/stm32f1xx_hal_tim.o
HAL_TIM_IC_MspInit                                build/stm32f1xx_hal_tim.o
HAL_TIM_IC_Start                                  build/stm32f1xx_hal_tim.o
HAL_TIM_IC_Start_DMA                              build/stm32f1xx_hal_tim.o
HAL_TIM_IC_Start_IT                               build/stm32f1xx_hal_tim.o
HAL_TIM_IC_Stop                                   build/stm32f1xx_hal_tim.o
HAL_TIM_IC_Stop_DMA                               build/stm32f1xx_hal_tim.o
HAL_TIM_IC_Stop_IT                                build/stm32f1xx_hal_tim.o
HAL_TIM_IRQHandler                                build/stm32f1xx_hal_tim.o
                                                  build/stm32f1xx_it.o
HAL_TIM_OC_ConfigChannel                          build/stm32f1xx_hal_tim.o
HAL_TIM_OC_DeInit                                 build/stm32f1xx_hal_tim.o
HAL_TIM_OC_DelayElapsedCallback                   build/stm32f1xx_hal_tim.o
HAL_TIM_OC_GetState                               build/stm32f1xx_hal_tim.o
HAL_TIM_OC_Init                                   build/stm32f1xx_hal_tim.o
HAL_TIM_OC_MspDeInit                              build/stm32f1xx_hal_tim.o
HAL_TIM_OC_MspInit                                build/stm32f1xx_hal_tim.o
HAL_TIM_OC_Start                                  build/stm32f1xx_hal_tim.o
HAL_TIM_OC_Start_DMA                              build/stm32f1xx_hal_tim.o
HAL_TIM_OC_Start_IT                               build/stm32f1xx_hal_tim.o
HAL_TIM_OC_Stop                                   build/stm32f1xx_hal_tim.o
HAL_TIM_OC_Stop_DMA                               build/stm32f1xx_hal_tim.o
HAL_TIM_OC_Stop_IT                                build/stm32f1xx_hal_tim.o
HAL_TIM_OnePulse_ConfigChannel                    build/stm32f1xx_hal_tim.o
HAL_TIM_OnePulse_DeInit                           build/stm32f1xx_hal_tim.o
HAL_TIM_OnePulse_GetState                         build/stm32f1xx_hal_tim.o
HAL_TIM_OnePulse_Init                             build/stm32f1xx_hal_tim.o
HAL_TIM_OnePulse_MspDeInit                        build/stm32f1xx_hal_tim.o
HAL_TIM_OnePulse_MspInit                          build/stm32f1xx_hal_tim.o
HAL_TIM_OnePulse_Start                            build/stm32f1xx_hal_tim.o
HAL_TIM_OnePulse_Start_IT                         build/stm32f1xx_hal_tim.o
HAL_TIM_OnePulse_Stop                             build/stm32f1xx_hal_tim.o
HAL_TIM_OnePulse_Stop_IT                          build/stm32f1xx_hal_tim.o
HAL_TIM_PWM_ConfigChannel                         build/stm32f1xx_hal_tim.o
HAL_TIM_PWM_DeInit                                build/stm32f1xx_hal_tim.o
HAL_TIM_PWM_GetState                              build/stm32f1xx_hal_tim.o
HAL_TIM_PWM_Init                                  build/stm32f1xx_hal_tim.o
HAL_TIM_PWM_MspDeInit                             build/stm32f1xx_hal_tim.o
HAL_TIM_PWM_MspInit                               build/stm32f1xx_hal_tim.o
HAL_TIM_PWM_PulseFinishedCallback                 build/stm32f1xx_hal_tim.o
                                                  build/stm32f1xx_hal_tim_ex.o
HAL_TIM_PWM_PulseFinishedHalfCpltCallback         build/stm32f1xx_hal_tim.o
HAL_TIM_PWM_Start                                 build/stm32f1xx_hal_tim.o
HAL_TIM_PWM_Start_DMA                             build/stm32f1xx_hal_tim.o
HAL_TIM_PWM_Start_IT                              build/stm32f1xx_hal_tim.o
HAL_TIM_PWM_Stop                                  build/stm32f1xx_hal_tim.o
HAL_TIM_PWM_Stop_DMA                              build/stm32f1xx_hal_tim.o
HAL_TIM_PWM_Stop_IT                               build/stm32f1xx_hal_tim.o
HAL_TIM_PeriodElapsedCallback                     build/main.o
HAL_TIM_PeriodElapsedHalfCpltCallback             build/stm32f1xx_hal_tim.o
HAL_TIM_ReadCapturedValue                         build/stm32f1xx_hal_tim.o
HAL_TIM_SlaveConfigSynchro                        build/stm32f1xx_hal_tim.o
HAL_TIM_SlaveConfigSynchro_IT                     build/stm32f1xx_hal_tim.o
HAL_TIM_TriggerCallback                           build/stm32f1xx_hal_tim.o
HAL_TIM_TriggerHalfCpltCallback                   build/stm32f1xx_hal_tim.o
HardFault_Handler                                 build/stm32f1xx_it.o
I2C1_ER_IRQHandler                                build/startup_stm32f103x6.o
I2C1_EV_IRQHandler                                build/startup_stm32f103x6.o
LEDTaskHandle                                     build/freertos.o
MX_CAN_Init                                       build/can.o
                                                  build/main.o
MX_FREERTOS_Init                                  build/freertos.o